Archive member included because of file (symbol)

contiki-z1.a(er-coap.o)       obj_z1/res-b1-sep-b2.o (coap_serialize_message)
contiki-z1.a(er-coap-engine.)
                              obj_z1/res-leds.o (coap_rest_implementation)
contiki-z1.a(er-coap-transac)
                              contiki-z1.a(er-coap-engine.) (coap_register_as_transaction_handler)
contiki-z1.a(er-coap-observe)
                              contiki-z1.a(er-coap-transac) (coap_remove_observer_by_client)
contiki-z1.a(er-coap-separat)
                              obj_z1/res-separate.o (coap_separate_reject)
contiki-z1.a(er-coap-res-wel)
                              contiki-z1.a(er-coap-engine.) (res_well_known_core)
contiki-z1.a(er-coap-block1.)
                              obj_z1/res-b1-sep-b2.o (coap_block1_handler)
contiki-z1.a(er-coap-observe)
                              contiki-z1.a(er-coap-engine.) (coap_handle_notification)
contiki-z1.a(rest-engine.o)   er-example-server.co (rest_init_engine)
contiki-z1.a(contiki-z1-plat)
                              obj_z1/contiki-z1-main.o (init_platform)
contiki-z1.a(msp430.o)        obj_z1/contiki-z1-main.o (splhigh_)
contiki-z1.a(leds.o)          obj_z1/contiki-z1-main.o (leds_init)
contiki-z1.a(watchdog.o)      obj_z1/contiki-z1-main.o (watchdog_start)
contiki-z1.a(xmem.o)          obj_z1/contiki-z1-main.o (xmem_init)
contiki-z1.a(spi.o)           contiki-z1.a(xmem.o) (spi_init)
contiki-z1.a(cc2420.o)        obj_z1/contiki-z1-main.o (cc2420_set_pan_addr)
contiki-z1.a(cc2420-arch.o)   contiki-z1.a(cc2420.o) (cc2420_arch_init)
contiki-z1.a(node-id.o)       obj_z1/contiki-z1-main.o (node_id_restore)
contiki-z1.a(sensors.o)       er-example-server.co (sensors_event)
contiki-z1.a(button-sensor.o)
                              er-example-server.co (button_sensor)
contiki-z1.a(radio-sensor.o)  obj_z1/res-radio.o (radio_sensor)
contiki-z1.a(uart0.o)         obj_z1/contiki-z1-main.o (uart0_active)
contiki-z1.a(uart0-putchar.o)
                              obj_z1/res-b1-sep-b2.o (putchar)
contiki-z1.a(z1-sensors.o)    contiki-z1.a(sensors.o) (sensors_flags)
contiki-z1.a(adxl345.o)       obj_z1/contiki-z1-main.o (adxl345)
contiki-z1.a(battery-sensor.)
                              er-example-server.co (battery_sensor)
contiki-z1.a(sky-sensors.o)   contiki-z1.a(battery-sensor.) (sky_sensors_status)
contiki-z1.a(tmp102.o)        contiki-z1.a(z1-sensors.o) (tmp102)
contiki-z1.a(clock.o)         contiki-z1.a(er-coap-transac) (clock_time)
contiki-z1.a(leds-arch.o)     contiki-z1.a(leds.o) (leds_arch_init)
contiki-z1.a(rtimer-arch.o)   obj_z1/contiki-z1-main.o (rtimer_arch_now)
contiki-z1.a(autostart.o)     obj_z1/contiki-z1-main.o (autostart_start)
contiki-z1.a(ctimer.o)        obj_z1/contiki-z1-main.o (ctimer_init)
contiki-z1.a(energest.o)      obj_z1/contiki-z1-main.o (energest_init)
contiki-z1.a(etimer.o)        contiki-z1.a(clock.o) (etimer_request_poll)
contiki-z1.a(process.o)       er-example-server.co (process_current)
contiki-z1.a(rtimer.o)        obj_z1/contiki-z1-main.o (rtimer_init)
contiki-z1.a(timer.o)         contiki-z1.a(button-sensor.o) (timer_set)
contiki-z1.a(list.o)          contiki-z1.a(rest-engine.o) (list_init)
contiki-z1.a(memb.o)          contiki-z1.a(er-coap-transac) (memb_alloc)
contiki-z1.a(random.o)        obj_z1/contiki-z1-main.o (random_init)
contiki-z1.a(uip-ds6.o)       obj_z1/contiki-z1-main.o (uip_ds6_get_link_local)
contiki-z1.a(uip-ds6-route.o)
                              contiki-z1.a(uip-ds6.o) (uip_ds6_route_init)
contiki-z1.a(uip6.o)          contiki-z1.a(er-coap-engine.) (uip_aligned_buf)
contiki-z1.a(uip-ds6-nbr.o)   contiki-z1.a(uip-ds6.o) (uip_ds6_neighbors_init)
contiki-z1.a(uip-nd6.o)       contiki-z1.a(uip6.o) (uip_nd6_init)
contiki-z1.a(sicslowpan.o)    obj_z1/contiki-z1-main.o (sicslowpan_driver)
contiki-z1.a(uip-debug.o)     contiki-z1.a(uip-ds6-route.o) (uip_debug_ipaddr_print)
contiki-z1.a(uip-udp-packet.)
                              contiki-z1.a(er-coap.o) (uip_udp_packet_send)
contiki-z1.a(tcpip.o)         contiki-z1.a(sicslowpan.o) (tcpip_set_outputfunc)
contiki-z1.a(rpl-ext-header.)
                              contiki-z1.a(uip6.o) (rpl_verify_hbh_header)
contiki-z1.a(rpl.o)           contiki-z1.a(uip-ds6-nbr.o) (rpl_link_neighbor_callback)
contiki-z1.a(rpl-icmp6.o)     contiki-z1.a(rpl-ext-header.) (dao_output_target)
contiki-z1.a(rpl-dag.o)       contiki-z1.a(rpl-ext-header.) (rpl_parents)
contiki-z1.a(queuebuf.o)      obj_z1/contiki-z1-main.o (queuebuf_init)
contiki-z1.a(nbr-table.o)     contiki-z1.a(uip-ds6-route.o) (nbr_table_register)
contiki-z1.a(packetbuf.o)     contiki-z1.a(cc2420.o) (packetbuf_set_datalen)
contiki-z1.a(linkaddr.o)      obj_z1/contiki-z1-main.o (linkaddr_copy)
contiki-z1.a(link-stats.o)    contiki-z1.a(rpl-dag.o) (link_stats_from_lladdr)
contiki-z1.a(nullmac.o)       obj_z1/contiki-z1-main.o (nullmac_driver)
contiki-z1.a(framer-802154.o)
                              contiki-z1.a(sicslowpan.o) (framer_802154)
[...]
Memory Configuration

Name             Origin             Length             Attributes
sfr              0x0000000000000000 0x0000000000000010
peripheral_8bit  0x0000000000000010 0x00000000000000f0
peripheral_16bit 0x0000000000000100 0x0000000000000100
ram_mirror       0x0000000000000200 0x0000000000000800 xw
infomem          0x0000000000001000 0x0000000000000100
infod            0x0000000000001000 0x0000000000000040
infoc            0x0000000000001040 0x0000000000000040
infob            0x0000000000001080 0x0000000000000040
infoa            0x00000000000010c0 0x0000000000000040
ram              0x0000000000001100 0x0000000000002000 xw
rom              0x0000000000003100 0x000000000000cebe xr
vectors          0x000000000000ffc0 0x0000000000000040
far_rom          0x0000000000010000 0x000000000000a000
bsl              0x0000000000000000 0x0000000000000000
ram2             0x0000000000000000 0x0000000000000000 xw
usbram           0x0000000000000000 0x0000000000000000 xw
*default*        0x0000000000000000 0xffffffffffffffff

Linker script and memory map

LOAD /usr/lib/gcc/msp430/4.6.3/mcpu-430x/mmpy-16/crt0ivtbl32.o
                0x0000000000000041                __P1SEL2 = 0x41
                0x0000000000000045                __P5SEL2 = 0x45
LOAD er-example-server.co
LOAD obj_z1/res-b1-sep-b2.o
LOAD obj_z1/res-leds.o
LOAD obj_z1/res-mirror.o
LOAD obj_z1/res-light.o
LOAD obj_z1/res-sht11.o
LOAD obj_z1/res-chunks.o
LOAD obj_z1/res-separate.o
LOAD obj_z1/res-event.o
LOAD obj_z1/res-temperature.o
LOAD obj_z1/res-push.o
LOAD obj_z1/res-radio.o
LOAD obj_z1/res-battery.o
LOAD obj_z1/res-sub.o
LOAD obj_z1/res-hello.o
LOAD obj_z1/res-toggle.o
LOAD obj_z1/contiki-z1-main.o
LOAD contiki-z1.a
LOAD /usr/lib/gcc/msp430/4.6.3/mcpu-430x/mmpy-16/libgcc.a
LOAD /usr/lib/gcc/msp430/4.6.3/../../../../msp430/lib/mcpu-430x/mmpy-16/libc.a
LOAD /usr/lib/gcc/msp430/4.6.3/mcpu-430x/mmpy-16/libgcc.a
LOAD /usr/lib/gcc/msp430/4.6.3/mcpu-430x/mmpy-16/libcrt0.a
                0x0000000000000040                PROVIDE (__info_segment_size, 0x40)
                0x0000000000001000                PROVIDE (__infod, 0x1000)
                0x0000000000001040                PROVIDE (__infoc, 0x1040)
                0x0000000000001080                PROVIDE (__infob, 0x1080)
                0x00000000000010c0                PROVIDE (__infoa, 0x10c0)
                0x0000000000000000                __IE1 = 0x0
                0x0000000000000002                __IFG1 = 0x2
                0x0000000000000001                __IE2 = 0x1
                0x0000000000000003                __IFG2 = 0x3
                0x0000000000000006                __UC1IE = 0x6
                0x0000000000000007                __UC1IFG = 0x7
                0x00000000000001a0                __ADC12CTL0 = 0x1a0
                0x00000000000001a2                __ADC12CTL1 = 0x1a2
                0x00000000000001a4                __ADC12IFG = 0x1a4
                0x00000000000001a6                __ADC12IE = 0x1a6
                0x00000000000001a8                __ADC12IV = 0x1a8
                0x0000000000000140                __ADC12MEM0 = 0x140
                0x0000000000000142                __ADC12MEM1 = 0x142
                0x0000000000000144                __ADC12MEM2 = 0x144
                0x0000000000000146                __ADC12MEM3 = 0x146
                0x0000000000000148                __ADC12MEM4 = 0x148
                0x000000000000014a                __ADC12MEM5 = 0x14a
                0x000000000000014c                __ADC12MEM6 = 0x14c
                0x000000000000014e                __ADC12MEM7 = 0x14e
                0x0000000000000150                __ADC12MEM8 = 0x150
                0x0000000000000152                __ADC12MEM9 = 0x152
                0x0000000000000154                __ADC12MEM10 = 0x154
                0x0000000000000156                __ADC12MEM11 = 0x156
                0x0000000000000158                __ADC12MEM12 = 0x158
                0x000000000000015a                __ADC12MEM13 = 0x15a
                0x000000000000015c                __ADC12MEM14 = 0x15c
                0x000000000000015e                __ADC12MEM15 = 0x15e
                0x0000000000000080                __ADC12MCTL0 = 0x80
                0x0000000000000081                __ADC12MCTL1 = 0x81
                0x0000000000000082                __ADC12MCTL2 = 0x82
                0x0000000000000083                __ADC12MCTL3 = 0x83
                0x0000000000000084                __ADC12MCTL4 = 0x84
                0x0000000000000085                __ADC12MCTL5 = 0x85
                0x0000000000000086                __ADC12MCTL6 = 0x86
                0x0000000000000087                __ADC12MCTL7 = 0x87
                0x0000000000000088                __ADC12MCTL8 = 0x88
                0x0000000000000089                __ADC12MCTL9 = 0x89
                0x000000000000008a                __ADC12MCTL10 = 0x8a
                0x000000000000008b                __ADC12MCTL11 = 0x8b
                0x000000000000008c                __ADC12MCTL12 = 0x8c
                0x000000000000008d                __ADC12MCTL13 = 0x8d
                0x000000000000008e                __ADC12MCTL14 = 0x8e
                0x000000000000008f                __ADC12MCTL15 = 0x8f
                0x0000000000000056                __DCOCTL = 0x56
                0x0000000000000057                __BCSCTL1 = 0x57
                0x0000000000000058                __BCSCTL2 = 0x58
                0x0000000000000053                __BCSCTL3 = 0x53
                0x0000000000000059                __CACTL1 = 0x59
                0x000000000000005a                __CACTL2 = 0x5a
                0x000000000000005b                __CAPD = 0x5b
                0x00000000000001c0                __DAC12_0CTL = 0x1c0
                0x00000000000001c2                __DAC12_1CTL = 0x1c2
                0x00000000000001c8                __DAC12_0DAT = 0x1c8
                0x00000000000001ca                __DAC12_1DAT = 0x1ca
                0x0000000000000122                __DMACTL0 = 0x122
                0x0000000000000124                __DMACTL1 = 0x124
                0x0000000000000126                __DMAIV = 0x126
                0x00000000000001d0                __DMA0CTL = 0x1d0
                0x00000000000001dc                __DMA1CTL = 0x1dc
                0x00000000000001e8                __DMA2CTL = 0x1e8
                0x00000000000001d2                __DMA0SA = 0x1d2
                0x00000000000001d2                __DMA0SAL = 0x1d2
                0x00000000000001d6                __DMA0DA = 0x1d6
                0x00000000000001d6                __DMA0DAL = 0x1d6
                0x00000000000001da                __DMA0SZ = 0x1da
                0x00000000000001de                __DMA1SA = 0x1de
                0x00000000000001de                __DMA1SAL = 0x1de
                0x00000000000001e2                __DMA1DA = 0x1e2
                0x00000000000001e2                __DMA1DAL = 0x1e2
                0x00000000000001e6                __DMA1SZ = 0x1e6
                0x00000000000001ea                __DMA2SA = 0x1ea
                0x00000000000001ea                __DMA2SAL = 0x1ea
                0x00000000000001ee                __DMA2DA = 0x1ee
                0x00000000000001ee                __DMA2DAL = 0x1ee
                0x00000000000001f2                __DMA2SZ = 0x1f2
                0x0000000000000128                __FCTL1 = 0x128
                0x000000000000012a                __FCTL2 = 0x12a
                0x000000000000012c                __FCTL3 = 0x12c
                0x00000000000001be                __FCTL4 = 0x1be
                0x0000000000000130                __MPY = 0x130
                0x0000000000000132                __MPYS = 0x132
                0x0000000000000134                __MAC = 0x134
                0x0000000000000136                __MACS = 0x136
                0x0000000000000138                __OP2 = 0x138
                0x000000000000013a                __RESLO = 0x13a
                0x000000000000013c                __RESHI = 0x13c
                0x000000000000013e                __SUMEXT = 0x13e
                0x0000000000000020                __P1IN = 0x20
                0x0000000000000021                __P1OUT = 0x21
                0x0000000000000022                __P1DIR = 0x22
                0x0000000000000023                __P1IFG = 0x23
                0x0000000000000024                __P1IES = 0x24
                0x0000000000000025                __P1IE = 0x25
                0x0000000000000026                __P1SEL = 0x26
                0x0000000000000027                __P1REN = 0x27
                0x0000000000000028                __P2IN = 0x28
                0x0000000000000029                __P2OUT = 0x29
                0x000000000000002a                __P2DIR = 0x2a
                0x000000000000002b                __P2IFG = 0x2b
                0x000000000000002c                __P2IES = 0x2c
                0x000000000000002d                __P2IE = 0x2d
                0x000000000000002e                __P2SEL = 0x2e
                0x000000000000002f                __P2REN = 0x2f
                0x0000000000000018                __P3IN = 0x18
                0x0000000000000019                __P3OUT = 0x19
                0x000000000000001a                __P3DIR = 0x1a
                0x000000000000001b                __P3SEL = 0x1b
                0x0000000000000010                __P3REN = 0x10
                0x000000000000001c                __P4IN = 0x1c
                0x000000000000001d                __P4OUT = 0x1d
                0x000000000000001e                __P4DIR = 0x1e
                0x000000000000001f                __P4SEL = 0x1f
                0x0000000000000011                __P4REN = 0x11
                0x0000000000000030                __P5IN = 0x30
                0x0000000000000031                __P5OUT = 0x31
                0x0000000000000032                __P5DIR = 0x32
                0x0000000000000033                __P5SEL = 0x33
                0x0000000000000012                __P5REN = 0x12
                0x0000000000000034                __P6IN = 0x34
                0x0000000000000035                __P6OUT = 0x35
                0x0000000000000036                __P6DIR = 0x36
                0x0000000000000037                __P6SEL = 0x37
                0x0000000000000013                __P6REN = 0x13
                0x0000000000000038                __P7IN = 0x38
                0x000000000000003a                __P7OUT = 0x3a
                0x000000000000003c                __P7DIR = 0x3c
                0x000000000000003e                __P7SEL = 0x3e
                0x0000000000000014                __P7REN = 0x14
                0x0000000000000039                __P8IN = 0x39
                0x000000000000003b                __P8OUT = 0x3b
                0x000000000000003d                __P8DIR = 0x3d
                0x000000000000003f                __P8SEL = 0x3f
                0x0000000000000015                __P8REN = 0x15
                0x0000000000000038                __PAIN = 0x38
                0x000000000000003a                __PAOUT = 0x3a
                0x000000000000003c                __PADIR = 0x3c
                0x000000000000003e                __PASEL = 0x3e
                0x0000000000000014                __PAREN = 0x14
                0x0000000000000055                __SVSCTL = 0x55
                0x000000000000012e                __TAIV = 0x12e
                0x0000000000000160                __TACTL = 0x160
                0x0000000000000162                __TACCTL0 = 0x162
                0x0000000000000164                __TACCTL1 = 0x164
                0x0000000000000166                __TACCTL2 = 0x166
                0x0000000000000170                __TAR = 0x170
                0x0000000000000172                __TACCR0 = 0x172
                0x0000000000000174                __TACCR1 = 0x174
                0x0000000000000176                __TACCR2 = 0x176
                0x000000000000011e                __TBIV = 0x11e
                0x0000000000000180                __TBCTL = 0x180
                0x0000000000000182                __TBCCTL0 = 0x182
                0x0000000000000184                __TBCCTL1 = 0x184
                0x0000000000000186                __TBCCTL2 = 0x186
                0x0000000000000188                __TBCCTL3 = 0x188
                0x000000000000018a                __TBCCTL4 = 0x18a
                0x000000000000018c                __TBCCTL5 = 0x18c
                0x000000000000018e                __TBCCTL6 = 0x18e
                0x0000000000000190                __TBR = 0x190
                0x0000000000000192                __TBCCR0 = 0x192
                0x0000000000000194                __TBCCR1 = 0x194
                0x0000000000000196                __TBCCR2 = 0x196
                0x0000000000000198                __TBCCR3 = 0x198
                0x000000000000019a                __TBCCR4 = 0x19a
                0x000000000000019c                __TBCCR5 = 0x19c
                0x000000000000019e                __TBCCR6 = 0x19e
                0x0000000000000060                __UCA0CTL0 = 0x60
                0x0000000000000061                __UCA0CTL1 = 0x61
                0x0000000000000062                __UCA0BR0 = 0x62
                0x0000000000000063                __UCA0BR1 = 0x63
                0x0000000000000064                __UCA0MCTL = 0x64
                0x0000000000000065                __UCA0STAT = 0x65
                0x0000000000000066                __UCA0RXBUF = 0x66
                0x0000000000000067                __UCA0TXBUF = 0x67
                0x000000000000005d                __UCA0ABCTL = 0x5d
                0x000000000000005e                __UCA0IRTCTL = 0x5e
                0x000000000000005f                __UCA0IRRCTL = 0x5f
                0x0000000000000068                __UCB0CTL0 = 0x68
                0x0000000000000069                __UCB0CTL1 = 0x69
                0x000000000000006a                __UCB0BR0 = 0x6a
                0x000000000000006b                __UCB0BR1 = 0x6b
                0x000000000000006c                __UCB0I2CIE = 0x6c
                0x000000000000006d                __UCB0STAT = 0x6d
                0x000000000000006e                __UCB0RXBUF = 0x6e
                0x000000000000006f                __UCB0TXBUF = 0x6f
                0x0000000000000118                __UCB0I2COA = 0x118
                0x000000000000011a                __UCB0I2CSA = 0x11a
                0x00000000000000d0                __UCA1CTL0 = 0xd0
                0x00000000000000d1                __UCA1CTL1 = 0xd1
                0x00000000000000d2                __UCA1BR0 = 0xd2
                0x00000000000000d3                __UCA1BR1 = 0xd3
                0x00000000000000d4                __UCA1MCTL = 0xd4
                0x00000000000000d5                __UCA1STAT = 0xd5
                0x00000000000000d6                __UCA1RXBUF = 0xd6
                0x00000000000000d7                __UCA1TXBUF = 0xd7
                0x00000000000000cd                __UCA1ABCTL = 0xcd
                0x00000000000000ce                __UCA1IRTCTL = 0xce
                0x00000000000000cf                __UCA1IRRCTL = 0xcf
                0x00000000000000d8                __UCB1CTL0 = 0xd8
                0x00000000000000d9                __UCB1CTL1 = 0xd9
                0x00000000000000da                __UCB1BR0 = 0xda
                0x00000000000000db                __UCB1BR1 = 0xdb
                0x00000000000000dc                __UCB1I2CIE = 0xdc
                0x00000000000000dd                __UCB1STAT = 0xdd
                0x00000000000000de                __UCB1RXBUF = 0xde
                0x00000000000000df                __UCB1TXBUF = 0xdf
                0x000000000000017c                __UCB1I2COA = 0x17c
                0x000000000000017e                __UCB1I2CSA = 0x17e
                0x0000000000000120                __WDTCTL = 0x120
                0x00000000000010c0                __TLV_CHECKSUM = 0x10c0
                0x00000000000010f6                __TLV_DCO_30_TAG = 0x10f6
                0x00000000000010f7                __TLV_DCO_30_LEN = 0x10f7
                0x00000000000010da                __TLV_ADC12_1_TAG = 0x10da
                0x00000000000010db                __TLV_ADC12_1_LEN = 0x10db
                0x00000000000010f8                __CALDCO_16MHZ = 0x10f8
                0x00000000000010f9                __CALBC1_16MHZ = 0x10f9
                0x00000000000010fa                __CALDCO_12MHZ = 0x10fa
                0x00000000000010fb                __CALBC1_12MHZ = 0x10fb
                0x00000000000010fc                __CALDCO_8MHZ = 0x10fc
                0x00000000000010fd                __CALBC1_8MHZ = 0x10fd
                0x00000000000010fe                __CALDCO_1MHZ = 0x10fe
                0x00000000000010ff                __CALBC1_1MHZ = 0x10ff

.hash
 *(.hash)

.dynsym
 *(.dynsym)

.dynstr
 *(.dynstr)

.gnu.version
 *(.gnu.version)

.gnu.version_d
 *(.gnu.version_d)

.gnu.version_r
 *(.gnu.version_r)

.rel.init
 *(.rel.init)

.rela.init
 *(.rela.init)

.rel.fini
 *(.rel.fini)

.rela.fini
 *(.rela.fini)

.rel.text
 *(.rel.text .rel.text.* .rel.gnu.linkonce.t.*)

.rela.text
 *(.rela.text .rela.text.* .rela.gnu.linkonce.t.*)

.rel.rodata
 *(.rel.rodata .rel.rodata.* .rel.gnu.linkonce.r.*)

.rela.rodata
 *(.rela.rodata .rela.rodata.* .rela.gnu.linkonce.r.*)

.rel.data
 *(.rel.data .rel.data.* .rel.gnu.linkonce.d.*)

.rela.data
 *(.rela.data .rela.data.* .rela.gnu.linkonce.d.*)

.rel.bss
 *(.rel.bss .rel.bss.* .rel.gnu.linkonce.b.*)

.rela.bss
 *(.rela.bss .rela.bss.* .rela.gnu.linkonce.b.*)

.rel.ctors
 *(.rel.ctors)

.rela.ctors
 *(.rela.ctors)

.rel.dtors
 *(.rel.dtors)

.rela.dtors
 *(.rela.dtors)

.rel.got
 *(.rel.got)

.rela.got
 *(.rela.got)

.rel.plt
 *(.rel.plt)

.rela.plt
 *(.rela.plt)

.text           0x0000000000003100     0xc3c8
                0x0000000000003100                . = ALIGN (0x2)
 *(.init .init.*)
 *(.init0)
 .init0         0x0000000000003100        0x0 /usr/lib/gcc/msp430/4.6.3/mcpu-430x/mmpy-16/libcrt0.a(_reset_vector__.o)
                0x0000000000003100                _reset_vector__
 *(.init1)
 .init1         0x0000000000003100        0xc /usr/lib/gcc/msp430/4.6.3/mcpu-430x/mmpy-16/libcrt0.a(__watchdog_support.o)
                0x0000000000003100                __watchdog_support
 *(.init2)
 .init2         0x000000000000310c        0x4 /usr/lib/gcc/msp430/4.6.3/mcpu-430x/mmpy-16/libcrt0.a(__init_stack.o)
                0x000000000000310c                __init_stack
 *(.init3)
 .init3         0x0000000000003110        0x0 /usr/lib/gcc/msp430/4.6.3/mcpu-430x/mmpy-16/libcrt0.a(__low_level_init.o)
                0x0000000000003110                __low_level_init
 *(.init4)
 .init4         0x0000000000003110       0x18 /usr/lib/gcc/msp430/4.6.3/mcpu-430x/mmpy-16/libcrt0.a(_copy_data.o)
                0x0000000000003110                __do_copy_data
 .init4         0x0000000000003128       0x16 /usr/lib/gcc/msp430/4.6.3/mcpu-430x/mmpy-16/libcrt0.a(_clear_bss.o)
                0x0000000000003128                __do_clear_bss
 *(.init5)
 *(.init6)
 *(.init7)
 *(.init8)
 *(.init9)
 .init9         0x000000000000313e      0x350 obj_z1/contiki-z1-main.o
                0x000000000000313e                main
 *(.fini9)
 .fini9         0x000000000000348e        0x0 /usr/lib/gcc/msp430/4.6.3/mcpu-430x/mmpy-16/libcrt0.a(__stop_progExec__.o)
                0x000000000000348e                __stop_progExec__
 *(.fini8)
 *(.fini7)
 *(.fini6)
 *(.fini5)
 *(.fini4)
 *(.fini3)
 *(.fini2)
 *(.fini1)
 *(.fini0)
 .fini0         0x000000000000348e        0x6 /usr/lib/gcc/msp430/4.6.3/mcpu-430x/mmpy-16/libcrt0.a(_endless_loop__.o)
                0x000000000000348e                _endless_loop__
 *(.fini .fini.*)
                0x0000000000003494                . = ALIGN (0x2)
                0x0000000000003494                __ctors_start = .
 *(.ctors)
                0x0000000000003494                __ctors_end = .
                0x0000000000003494                __dtors_start = .
 *(.dtors)
                0x0000000000003494                __dtors_end = .
                0x0000000000003494                . = ALIGN (0x2)
 *(.text .text.* .gnu.linkonce.t.*)
 .text          0x0000000000003494        0x4 /usr/lib/gcc/msp430/4.6.3/mcpu-430x/mmpy-16/crt0ivtbl32.o
                0x0000000000003494                __isr_14
                0x0000000000003494                __isr_4
                0x0000000000003494                __isr_29
                0x0000000000003494                __isr_11
                0x0000000000003494                __isr_5
                0x0000000000003494                __isr_2
                0x0000000000003494                __isr_10
                0x0000000000003494                __isr_7
                0x0000000000003494                __isr_0
                0x0000000000003494                __isr_28
                0x0000000000003494                __isr_8
                0x0000000000003494                __isr_20
                0x0000000000003494                __isr_3
                0x0000000000003494                __isr_12
                0x0000000000003494                __isr_13
                0x0000000000003494                __isr_27
                0x0000000000003494                __isr_9
                0x0000000000003494                __isr_30
                0x0000000000003494                __isr_6
                0x0000000000003494                __isr_22
                0x0000000000003494                __isr_1
                0x0000000000003494                __isr_15
                0x0000000000003494                __isr_21
 .text.process_thread_er_example_server
                0x0000000000003498       0x9e er-example-server.co
 .text.res_resume_handler
                0x0000000000003536       0x84 obj_z1/res-separate.o
 .text.res_get_handler
                0x00000000000035ba       0x32 obj_z1/res-separate.o
 .text.res_event_handler
                0x00000000000035ec       0x12 obj_z1/res-event.o
 .text.res_get_handler
                0x00000000000035fe       0x3c obj_z1/res-event.o
 .text.res_periodic_handler
                0x000000000000363a       0x12 obj_z1/res-push.o
 .text.res_get_handler
                0x000000000000364c       0x5c obj_z1/res-push.o
 .text.res_get_handler
                0x00000000000036a8       0xa2 obj_z1/res-battery.o
 .text.res_get_handler
                0x000000000000374a       0x74 obj_z1/res-hello.o
 .text.res_post_handler
                0x00000000000037be        0x8 obj_z1/res-toggle.o
 .text.coap_parse_int_option
                0x00000000000037c6       0x36 contiki-z1.a(er-coap.o)
 .text.coap_set_option_header
                0x00000000000037fc       0xa6 contiki-z1.a(er-coap.o)
 .text.coap_serialize_int_option
                0x00000000000038a2       0xbe contiki-z1.a(er-coap.o)
 .text.coap_get_variable
                0x0000000000003960       0xa2 contiki-z1.a(er-coap.o)
 .text.coap_serialize_array_option
                0x0000000000003a02       0xd4 contiki-z1.a(er-coap.o)
 .text.coap_merge_multi_option.part.1
                0x0000000000003ad6       0x2c contiki-z1.a(er-coap.o)
 .text.coap_init_connection
                0x0000000000003b02       0x22 contiki-z1.a(er-coap.o)
                0x0000000000003b02                coap_init_connection
 .text.coap_get_mid
                0x0000000000003b24        0xc contiki-z1.a(er-coap.o)
                0x0000000000003b24                coap_get_mid
 .text.coap_init_message
                0x0000000000003b30       0x24 contiki-z1.a(er-coap.o)
                0x0000000000003b30                coap_init_message
 .text.coap_serialize_message
                0x0000000000003b54      0x426 contiki-z1.a(er-coap.o)
                0x0000000000003b54                coap_serialize_message
 .text.coap_send_message
                0x0000000000003f7a       0x3e contiki-z1.a(er-coap.o)
                0x0000000000003f7a                coap_send_message
 .text.coap_parse_message
                0x0000000000003fb8      0x50e contiki-z1.a(er-coap.o)
                0x0000000000003fb8                coap_parse_message
 .text.coap_get_query_variable
                0x00000000000044c6       0x1c contiki-z1.a(er-coap.o)
                0x00000000000044c6                coap_get_query_variable
 .text.coap_get_post_variable
                0x00000000000044e2       0x20 contiki-z1.a(er-coap.o)
                0x00000000000044e2                coap_get_post_variable
 .text.coap_set_status_code
                0x0000000000004502       0x12 contiki-z1.a(er-coap.o)
                0x0000000000004502                coap_set_status_code
 .text.coap_set_token
                0x0000000000004514       0x24 contiki-z1.a(er-coap.o)
                0x0000000000004514                coap_set_token
 .text.coap_get_header_content_format
                0x0000000000004538       0x18 contiki-z1.a(er-coap.o)
                0x0000000000004538                coap_get_header_content_format
 .text.coap_set_header_content_format
                0x0000000000004550        0xe contiki-z1.a(er-coap.o)
                0x0000000000004550                coap_set_header_content_format
 .text.coap_get_header_accept
                0x000000000000455e       0x16 contiki-z1.a(er-coap.o)
                0x000000000000455e                coap_get_header_accept
 .text.coap_get_header_max_age
                0x0000000000004574       0x26 contiki-z1.a(er-coap.o)
                0x0000000000004574                coap_get_header_max_age
 .text.coap_set_header_max_age
                0x000000000000459a       0x12 contiki-z1.a(er-coap.o)
                0x000000000000459a                coap_set_header_max_age
 .text.coap_set_header_etag
                0x00000000000045ac       0x2a contiki-z1.a(er-coap.o)
                0x00000000000045ac                coap_set_header_etag
 .text.coap_get_header_if_match
                0x00000000000045d6       0x1c contiki-z1.a(er-coap.o)
                0x00000000000045d6                coap_get_header_if_match
 .text.coap_get_header_if_none_match
                0x00000000000045f2       0x10 contiki-z1.a(er-coap.o)
                0x00000000000045f2                coap_get_header_if_none_match
 .text.coap_get_header_uri_host
                0x0000000000004602       0x18 contiki-z1.a(er-coap.o)
                0x0000000000004602                coap_get_header_uri_host
 .text.coap_get_header_uri_path
                0x000000000000461a       0x18 contiki-z1.a(er-coap.o)
                0x000000000000461a                coap_get_header_uri_path
 .text.coap_set_header_uri_path
                0x0000000000004632       0x2a contiki-z1.a(er-coap.o)
                0x0000000000004632                coap_set_header_uri_path
 .text.coap_get_header_uri_query
                0x000000000000465c       0x16 contiki-z1.a(er-coap.o)
                0x000000000000465c                coap_get_header_uri_query
 .text.coap_set_header_location_query
                0x0000000000004672       0x2c contiki-z1.a(er-coap.o)
                0x0000000000004672                coap_set_header_location_query
 .text.coap_set_header_location_path
                0x000000000000469e       0x78 contiki-z1.a(er-coap.o)
                0x000000000000469e                coap_set_header_location_path
 .text.coap_get_header_observe
                0x0000000000004716       0x1e contiki-z1.a(er-coap.o)
                0x0000000000004716                coap_get_header_observe
 .text.coap_set_header_observe
                0x0000000000004734       0x12 contiki-z1.a(er-coap.o)
                0x0000000000004734                coap_set_header_observe
 .text.coap_get_header_block2
                0x0000000000004746       0x4c contiki-z1.a(er-coap.o)
                0x0000000000004746                coap_get_header_block2
 .text.coap_set_header_block2
                0x0000000000004792       0x40 contiki-z1.a(er-coap.o)
                0x0000000000004792                coap_set_header_block2
 .text.coap_set_header_block1
                0x00000000000047d2       0x36 contiki-z1.a(er-coap.o)
                0x00000000000047d2                coap_set_header_block1
 .text.coap_get_header_size2
                0x0000000000004808       0x1e contiki-z1.a(er-coap.o)
                0x0000000000004808                coap_get_header_size2
 .text.coap_set_header_size2
                0x0000000000004826       0x12 contiki-z1.a(er-coap.o)
                0x0000000000004826                coap_set_header_size2
 .text.coap_get_payload
                0x0000000000004838       0x1a contiki-z1.a(er-coap.o)
                0x0000000000004838                coap_get_payload
 .text.coap_set_payload
                0x0000000000004852       0x16 contiki-z1.a(er-coap.o)
                0x0000000000004852                coap_set_payload
 .text.coap_set_service_callback
                0x0000000000004868        0x6 contiki-z1.a(er-coap-engine.)
                0x0000000000004868                coap_set_service_callback
 .text.coap_get_rest_method
                0x000000000000486e       0x1a contiki-z1.a(er-coap-engine.)
                0x000000000000486e                coap_get_rest_method
 .text.process_thread_coap_engine
                0x0000000000004888      0x422 contiki-z1.a(er-coap-engine.)
 .text.coap_init_engine
                0x0000000000004caa        0xc contiki-z1.a(er-coap-engine.)
                0x0000000000004caa                coap_init_engine
 .text.coap_register_as_transaction_handler
                0x0000000000004cb6        0x8 contiki-z1.a(er-coap-transac)
                0x0000000000004cb6                coap_register_as_transaction_handler
 .text.coap_new_transaction
                0x0000000000004cbe       0x46 contiki-z1.a(er-coap-transac)
                0x0000000000004cbe                coap_new_transaction
 .text.check_rtt
                0x0000000000004d04       0x40 contiki-z1.a(er-coap-transac)
                0x0000000000004d04                check_rtt
 .text.coap_clear_transaction
                0x0000000000004d44       0xdc contiki-z1.a(er-coap-transac)
                0x0000000000004d44                coap_clear_transaction
 .text.coap_send_transaction
                0x0000000000004e20       0xc8 contiki-z1.a(er-coap-transac)
                0x0000000000004e20                coap_send_transaction
 .text.coap_get_transaction_by_mid
                0x0000000000004ee8       0x1e contiki-z1.a(er-coap-transac)
                0x0000000000004ee8                coap_get_transaction_by_mid
 .text.coap_check_transactions
                0x0000000000004f06       0x2e contiki-z1.a(er-coap-transac)
                0x0000000000004f06                coap_check_transactions
 .text.coap_remove_observer
                0x0000000000004f34       0x1c contiki-z1.a(er-coap-observe)
                0x0000000000004f34                coap_remove_observer
 .text.coap_remove_observer_by_client
                0x0000000000004f50       0x42 contiki-z1.a(er-coap-observe)
                0x0000000000004f50                coap_remove_observer_by_client
 .text.coap_remove_observer_by_token
                0x0000000000004f92       0x60 contiki-z1.a(er-coap-observe)
                0x0000000000004f92                coap_remove_observer_by_token
 .text.coap_remove_observer_by_uri
                0x0000000000004ff2       0x6c contiki-z1.a(er-coap-observe)
                0x0000000000004ff2                coap_remove_observer_by_uri
 .text.coap_remove_observer_by_mid
                0x000000000000505e       0x4a contiki-z1.a(er-coap-observe)
                0x000000000000505e                coap_remove_observer_by_mid
 .text.coap_notify_observers_sub
                0x00000000000050a8      0x19e contiki-z1.a(er-coap-observe)
                0x00000000000050a8                coap_notify_observers_sub
 .text.coap_notify_observers
                0x0000000000005246        0x8 contiki-z1.a(er-coap-observe)
                0x0000000000005246                coap_notify_observers
 .text.coap_observe_handler
                0x000000000000524e      0x122 contiki-z1.a(er-coap-observe)
                0x000000000000524e                coap_observe_handler
 .text.coap_separate_reject
                0x0000000000005370        0xe contiki-z1.a(er-coap-separat)
                0x0000000000005370                coap_separate_reject
 .text.coap_separate_accept
                0x000000000000537e       0xe0 contiki-z1.a(er-coap-separat)
                0x000000000000537e                coap_separate_accept
 .text.coap_separate_resume
                0x000000000000545e       0x48 contiki-z1.a(er-coap-separat)
                0x000000000000545e                coap_separate_resume
 .text.well_known_core_get_handler
                0x00000000000054a6      0x27e contiki-z1.a(er-coap-res-wel)
                0x00000000000054a6                well_known_core_get_handler
 .text.simple_reply
                0x0000000000005724       0x34 contiki-z1.a(er-coap-observe)
 .text.classify_notification
                0x0000000000005758       0x5c contiki-z1.a(er-coap-observe)
 .text.coap_get_obs_subject_by_token
                0x00000000000057b4       0x4e contiki-z1.a(er-coap-observe)
                0x00000000000057b4                coap_get_obs_subject_by_token
 .text.coap_handle_notification
                0x0000000000005802       0xbc contiki-z1.a(er-coap-observe)
                0x0000000000005802                coap_handle_notification
 .text.process_thread_rest_engine_process
                0x00000000000058be       0xb8 contiki-z1.a(rest-engine.o)
 .text.rest_invoke_restful_service
                0x0000000000005976       0xee contiki-z1.a(rest-engine.o)
                0x0000000000005976                rest_invoke_restful_service
 .text.rest_init_engine
                0x0000000000005a64       0x2a contiki-z1.a(rest-engine.o)
                0x0000000000005a64                rest_init_engine
 .text.rest_activate_resource
                0x0000000000005a8e       0x68 contiki-z1.a(rest-engine.o)
                0x0000000000005a8e                rest_activate_resource
 .text.rest_get_resources
                0x0000000000005af6        0x6 contiki-z1.a(rest-engine.o)
                0x0000000000005af6                rest_get_resources
 .text.init_platform
                0x0000000000005afc        0xc contiki-z1.a(contiki-z1-plat)
                0x0000000000005afc                init_platform
 .text.msp430_init_dco
                0x0000000000005b08       0x28 contiki-z1.a(msp430.o)
                0x0000000000005b08                msp430_init_dco
 .text.splhigh_
                0x0000000000005b30        0x8 contiki-z1.a(msp430.o)
                0x0000000000005b30                splhigh_
 .text.msp430_sync_dco
                0x0000000000005b38       0x72 contiki-z1.a(msp430.o)
                0x0000000000005b38                msp430_sync_dco
 .text.msp430_cpu_init
                0x0000000000005baa       0x2e contiki-z1.a(msp430.o)
                0x0000000000005baa                msp430_cpu_init
 .text.show_leds
                0x0000000000005bd8       0xee contiki-z1.a(leds.o)
 .text.leds_init
                0x0000000000005cc6        0xa contiki-z1.a(leds.o)
                0x0000000000005cc6                leds_init
 .text.leds_on  0x0000000000005cd0        0xa contiki-z1.a(leds.o)
                0x0000000000005cd0                leds_on
 .text.leds_off
                0x0000000000005cda        0xe contiki-z1.a(leds.o)
                0x0000000000005cda                leds_off
 .text.leds_toggle
                0x0000000000005ce8        0xa contiki-z1.a(leds.o)
                0x0000000000005ce8                leds_toggle
 .text.watchdog_interrupt
                0x0000000000005cf2        0x6 contiki-z1.a(watchdog.o)
                0x0000000000005cf2                __isr_26
                0x0000000000005cf2                watchdog_interrupt
 .text.watchdog_start
                0x0000000000005cf8       0x14 contiki-z1.a(watchdog.o)
                0x0000000000005cf8                watchdog_start
 .text.watchdog_periodic
                0x0000000000005d0c       0x12 contiki-z1.a(watchdog.o)
                0x0000000000005d0c                watchdog_periodic
 .text.watchdog_stop
                0x0000000000005d1e       0x16 contiki-z1.a(watchdog.o)
                0x0000000000005d1e                watchdog_stop
 .text.watchdog_init
                0x0000000000005d34       0x14 contiki-z1.a(watchdog.o)
                0x0000000000005d34                watchdog_init
 .text.wait_ready
                0x0000000000005d48       0x4e contiki-z1.a(xmem.o)
 .text.xmem_init
                0x0000000000005d96       0x1e contiki-z1.a(xmem.o)
                0x0000000000005d96                xmem_init
 .text.xmem_pread
                0x0000000000005db4       0xd0 contiki-z1.a(xmem.o)
                0x0000000000005db4                xmem_pread
 .text.spi_init
                0x0000000000005e84       0x38 contiki-z1.a(spi.o)
                0x0000000000005e84                spi_init
 .text.get_object
                0x0000000000005ebc        0x4 contiki-z1.a(cc2420.o)
 .text.set_object
                0x0000000000005ec0        0x4 contiki-z1.a(cc2420.o)
 .text.strobe   0x0000000000005ec4       0x20 contiki-z1.a(cc2420.o)
 .text.getreg   0x0000000000005ee4       0x50 contiki-z1.a(cc2420.o)
 .text.setreg   0x0000000000005f34       0x52 contiki-z1.a(cc2420.o)
 .text.write_ram
                0x0000000000005f86       0x7e contiki-z1.a(cc2420.o)
 .text.write_fifo_buf
                0x0000000000006004       0x40 contiki-z1.a(cc2420.o)
 .text.get_status
                0x0000000000006044       0x24 contiki-z1.a(cc2420.o)
 .text.set_txpower
                0x0000000000006068       0x26 contiki-z1.a(cc2420.o)
 .text.cc2420_receiving_packet
                0x000000000000608e        0xe contiki-z1.a(cc2420.o)
 .text.pending_packet
                0x000000000000609c        0xe contiki-z1.a(cc2420.o)
 .text.on       0x00000000000060aa       0x26 contiki-z1.a(cc2420.o)
 .text.wait_for_transmission
                0x00000000000060d0       0x22 contiki-z1.a(cc2420.o)
 .text.wait_for_status
                0x00000000000060f2       0x26 contiki-z1.a(cc2420.o)
 .text.getrxdata
                0x0000000000006118       0x54 contiki-z1.a(cc2420.o)
 .text.flushrx  0x000000000000616c       0x1a contiki-z1.a(cc2420.o)
 .text.off      0x0000000000006186       0x5e contiki-z1.a(cc2420.o)
 .text.RELEASE_LOCK
                0x00000000000061e4       0x28 contiki-z1.a(cc2420.o)
 .text.set_key  0x000000000000620c       0x18 contiki-z1.a(cc2420.o)
 .text.set_frame_filtering
                0x0000000000006224       0x30 contiki-z1.a(cc2420.o)
 .text.set_auto_ack
                0x0000000000006254       0x30 contiki-z1.a(cc2420.o)
 .text.set_poll_mode
                0x0000000000006284       0x36 contiki-z1.a(cc2420.o)
 .text.cc2420_prepare
                0x00000000000062ba       0x38 contiki-z1.a(cc2420.o)
 .text.cc2420_on
                0x00000000000062f2       0x22 contiki-z1.a(cc2420.o)
                0x00000000000062f2                cc2420_on
 .text.cc2420_off
                0x0000000000006314       0x30 contiki-z1.a(cc2420.o)
                0x0000000000006314                cc2420_off
 .text.cc2420_cca
                0x0000000000006344       0x5a contiki-z1.a(cc2420.o)
 .text.cc2420_read
                0x000000000000639e       0xbc contiki-z1.a(cc2420.o)
 .text.process_thread_cc2420_process
                0x000000000000645a       0x58 contiki-z1.a(cc2420.o)
 .text.encrypt  0x00000000000064b2       0x8c contiki-z1.a(cc2420.o)
 .text.cc2420_set_channel
                0x000000000000653e       0x3a contiki-z1.a(cc2420.o)
                0x000000000000653e                cc2420_set_channel
 .text.cc2420_set_pan_addr
                0x0000000000006578       0x4c contiki-z1.a(cc2420.o)
                0x0000000000006578                cc2420_set_pan_addr
 .text.cc2420_interrupt
                0x00000000000065c4       0x18 contiki-z1.a(cc2420.o)
                0x00000000000065c4                cc2420_interrupt
 .text.cc2420_set_txpower
                0x00000000000065dc        0xe contiki-z1.a(cc2420.o)
                0x00000000000065dc                cc2420_set_txpower
 .text.cc2420_get_txpower
                0x00000000000065ea       0x1e contiki-z1.a(cc2420.o)
                0x00000000000065ea                cc2420_get_txpower
 .text.cc2420_transmit
                0x0000000000006608      0x10c contiki-z1.a(cc2420.o)
 .text.cc2420_send
                0x0000000000006714       0x12 contiki-z1.a(cc2420.o)
 .text.cc2420_rssi
                0x0000000000006726       0x48 contiki-z1.a(cc2420.o)
                0x0000000000006726                cc2420_rssi
 .text.get_value
                0x000000000000676e      0x102 contiki-z1.a(cc2420.o)
 .text.cc2420_set_cca_threshold
                0x0000000000006870       0x16 contiki-z1.a(cc2420.o)
                0x0000000000006870                cc2420_set_cca_threshold
 .text.set_value
                0x0000000000006886       0xb4 contiki-z1.a(cc2420.o)
 .text.cc2420_init
                0x000000000000693a       0xf0 contiki-z1.a(cc2420.o)
                0x000000000000693a                cc2420_init
 .text.cc2420_arch_init
                0x0000000000006a2a       0x1a contiki-z1.a(cc2420-arch.o)
                0x0000000000006a2a                cc2420_arch_init
 .text.node_id_restore
                0x0000000000006a44       0x4c contiki-z1.a(node-id.o)
                0x0000000000006a44                node_id_restore
 .text.process_thread_sensors_process
                0x0000000000006a90       0xbe contiki-z1.a(sensors.o)
 .text.sensors_changed
                0x0000000000006b4e       0x2a contiki-z1.a(sensors.o)
                0x0000000000006b4e                sensors_changed
 .text.status   0x0000000000006b78       0x16 contiki-z1.a(button-sensor.o)
 .text.configure
                0x0000000000006b8e       0x52 contiki-z1.a(button-sensor.o)
 .text.value    0x0000000000006be0       0x22 contiki-z1.a(button-sensor.o)
 .text.irq_p2   0x0000000000006c02       0x76 contiki-z1.a(button-sensor.o)
                0x0000000000006c02                irq_p2
                0x0000000000006c02                __isr_19
 .text.uart0_active
                0x0000000000006c78        0xe contiki-z1.a(uart0.o)
                0x0000000000006c78                uart0_active
 .text.uart0_writeb
                0x0000000000006c86       0x18 contiki-z1.a(uart0.o)
                0x0000000000006c86                uart0_writeb
 .text.uart0_init
                0x0000000000006c9e       0x54 contiki-z1.a(uart0.o)
                0x0000000000006c9e                uart0_init
 .text.uart0_rx_interrupt
                0x0000000000006cf2       0x66 contiki-z1.a(uart0.o)
                0x0000000000006cf2                __isr_23
                0x0000000000006cf2                uart0_rx_interrupt
 .text.putchar  0x0000000000006d58       0x10 contiki-z1.a(uart0-putchar.o)
                0x0000000000006d58                putchar
 .text.status   0x0000000000006d68       0x12 contiki-z1.a(adxl345.o)
 .text.accm_write_reg
                0x0000000000006d7a       0x2e contiki-z1.a(adxl345.o)
 .text.accm_write_stream
                0x0000000000006da8       0x2a contiki-z1.a(adxl345.o)
 .text.accm_read_reg
                0x0000000000006dd2       0x54 contiki-z1.a(adxl345.o)
 .text.process_thread_accmeter_process
                0x0000000000006e26       0x56 contiki-z1.a(adxl345.o)
 .text.accm_read_axis
                0x0000000000006e7c       0x66 contiki-z1.a(adxl345.o)
                0x0000000000006e7c                accm_read_axis
 .text.value    0x0000000000006ee2       0x20 contiki-z1.a(adxl345.o)
 .text.accm_init
                0x0000000000006f02       0x76 contiki-z1.a(adxl345.o)
                0x0000000000006f02                accm_init
 .text.accm_stop
                0x0000000000006f78       0x32 contiki-z1.a(adxl345.o)
                0x0000000000006f78                accm_stop
 .text.configure
                0x0000000000006faa       0x26 contiki-z1.a(adxl345.o)
 .text.port1_isr
                0x0000000000006fd0       0xc4 contiki-z1.a(adxl345.o)
                0x0000000000006fd0                port1_isr
                0x0000000000006fd0                __isr_18
 .text.value    0x0000000000007094        0x6 contiki-z1.a(battery-sensor.)
 .text.status   0x000000000000709a        0xc contiki-z1.a(battery-sensor.)
 .text.configure
                0x00000000000070a6       0x12 contiki-z1.a(battery-sensor.)
 .text.sky_sensors_status
                0x00000000000070b8       0x42 contiki-z1.a(sky-sensors.o)
                0x00000000000070b8                sky_sensors_status
 .text.sky_sensors_configure
                0x00000000000070fa       0xf4 contiki-z1.a(sky-sensors.o)
                0x00000000000070fa                sky_sensors_configure
 .text.status   0x00000000000071ee       0x12 contiki-z1.a(tmp102.o)
 .text.tmp102_init
                0x0000000000007200       0x24 contiki-z1.a(tmp102.o)
                0x0000000000007200                tmp102_init
 .text.tmp102_stop
                0x0000000000007224        0xc contiki-z1.a(tmp102.o)
                0x0000000000007224                tmp102_stop
 .text.configure
                0x0000000000007230       0x26 contiki-z1.a(tmp102.o)
 .text.tmp102_read_reg
                0x0000000000007256       0x60 contiki-z1.a(tmp102.o)
                0x0000000000007256                tmp102_read_reg
 .text.tmp102_read_temp_x100
                0x00000000000072b6       0x56 contiki-z1.a(tmp102.o)
                0x00000000000072b6                tmp102_read_temp_x100
 .text.value    0x000000000000730c        0x6 contiki-z1.a(tmp102.o)
 .text.timera1  0x0000000000007312      0x10a contiki-z1.a(clock.o)
                0x0000000000007312                __isr_24
                0x0000000000007312                timera1
 .text.clock_time
                0x000000000000741c       0x1a contiki-z1.a(clock.o)
                0x000000000000741c                clock_time
 .text.clock_init
                0x0000000000007436       0x28 contiki-z1.a(clock.o)
                0x0000000000007436                clock_init
 .text.clock_delay
                0x000000000000745e        0xc contiki-z1.a(clock.o)
                0x000000000000745e                clock_delay
 .text.clock_wait
                0x000000000000746a       0x28 contiki-z1.a(clock.o)
                0x000000000000746a                clock_wait
 .text.clock_seconds
                0x0000000000007492       0x1a contiki-z1.a(clock.o)
                0x0000000000007492                clock_seconds
 .text.leds_arch_init
                0x00000000000074ac        0xe contiki-z1.a(leds-arch.o)
                0x00000000000074ac                leds_arch_init
 .text.leds_arch_set
                0x00000000000074ba       0x3a contiki-z1.a(leds-arch.o)
                0x00000000000074ba                leds_arch_set
 .text.rtimer_arch_init
                0x00000000000074f4        0xe contiki-z1.a(rtimer-arch.o)
                0x00000000000074f4                rtimer_arch_init
 .text.rtimer_arch_now
                0x0000000000007502        0xe contiki-z1.a(rtimer-arch.o)
                0x0000000000007502                rtimer_arch_now
 .text.timera0  0x0000000000007510       0x5c contiki-z1.a(rtimer-arch.o)
                0x0000000000007510                __isr_25
                0x0000000000007510                timera0
 .text.rtimer_arch_schedule
                0x000000000000756c        0x6 contiki-z1.a(rtimer-arch.o)
                0x000000000000756c                rtimer_arch_schedule
 .text.autostart_start
                0x0000000000007572       0x16 contiki-z1.a(autostart.o)
                0x0000000000007572                autostart_start
 .text.process_thread_ctimer_process
                0x0000000000007588       0x9c contiki-z1.a(ctimer.o)
 .text.ctimer_init
                0x0000000000007624       0x18 contiki-z1.a(ctimer.o)
                0x0000000000007624                ctimer_init
 .text.ctimer_set_with_process
                0x000000000000763c       0x4e contiki-z1.a(ctimer.o)
                0x000000000000763c                ctimer_set_with_process
 .text.ctimer_set
                0x000000000000768a       0x10 contiki-z1.a(ctimer.o)
                0x000000000000768a                ctimer_set
 .text.ctimer_reset
                0x000000000000769a       0x2c contiki-z1.a(ctimer.o)
                0x000000000000769a                ctimer_reset
 .text.ctimer_restart
                0x00000000000076c6       0x2c contiki-z1.a(ctimer.o)
                0x00000000000076c6                ctimer_restart
 .text.ctimer_stop
                0x00000000000076f2       0x28 contiki-z1.a(ctimer.o)
                0x00000000000076f2                ctimer_stop
 .text.energest_init
                0x000000000000771a       0x28 contiki-z1.a(energest.o)
                0x000000000000771a                energest_init
 .text.energest_type_time
                0x0000000000007742       0x3c contiki-z1.a(energest.o)
                0x0000000000007742                energest_type_time
 .text.energest_type_set
                0x000000000000777e        0xc contiki-z1.a(energest.o)
                0x000000000000777e                energest_type_set
 .text.energest_flush
                0x000000000000778a       0x38 contiki-z1.a(energest.o)
                0x000000000000778a                energest_flush
 .text.update_time
                0x00000000000077c2       0x70 contiki-z1.a(etimer.o)
 .text.etimer_request_poll
                0x0000000000007832        0xa contiki-z1.a(etimer.o)
                0x0000000000007832                etimer_request_poll
 .text.process_thread_etimer_process
                0x000000000000783c       0xc0 contiki-z1.a(etimer.o)
 .text.add_timer
                0x00000000000078fc       0x40 contiki-z1.a(etimer.o)
 .text.etimer_set
                0x000000000000793c       0x12 contiki-z1.a(etimer.o)
                0x000000000000793c                etimer_set
 .text.etimer_reset
                0x000000000000794e       0x12 contiki-z1.a(etimer.o)
                0x000000000000794e                etimer_reset
 .text.etimer_restart
                0x0000000000007960       0x12 contiki-z1.a(etimer.o)
                0x0000000000007960                etimer_restart
 .text.etimer_expired
                0x0000000000007972        0xe contiki-z1.a(etimer.o)
                0x0000000000007972                etimer_expired
 .text.etimer_expiration_time
                0x0000000000007980       0x14 contiki-z1.a(etimer.o)
                0x0000000000007980                etimer_expiration_time
 .text.etimer_pending
                0x0000000000007994        0xc contiki-z1.a(etimer.o)
                0x0000000000007994                etimer_pending
 .text.etimer_next_expiration_time
                0x00000000000079a0       0x16 contiki-z1.a(etimer.o)
                0x00000000000079a0                etimer_next_expiration_time
 .text.etimer_stop
                0x00000000000079b6       0x3c contiki-z1.a(etimer.o)
                0x00000000000079b6                etimer_stop
 .text.call_process
                0x00000000000079f2       0x46 contiki-z1.a(process.o)
 .text.exit_process
                0x0000000000007a38       0x8a contiki-z1.a(process.o)
 .text.do_poll  0x0000000000007ac2       0x30 contiki-z1.a(process.o)
 .text.process_alloc_event
                0x0000000000007af2        0xe contiki-z1.a(process.o)
                0x0000000000007af2                process_alloc_event
 .text.process_init
                0x0000000000007b00       0x1c contiki-z1.a(process.o)
                0x0000000000007b00                process_init
 .text.process_run
                0x0000000000007b1c       0x8c contiki-z1.a(process.o)
                0x0000000000007b1c                process_run
 .text.process_nevents
                0x0000000000007ba8        0xe contiki-z1.a(process.o)
                0x0000000000007ba8                process_nevents
 .text.process_post
                0x0000000000007bb6       0x4a contiki-z1.a(process.o)
                0x0000000000007bb6                process_post
 .text.process_post_synch
                0x0000000000007c00       0x12 contiki-z1.a(process.o)
                0x0000000000007c00                process_post_synch
 .text.process_start
                0x0000000000007c12       0x32 contiki-z1.a(process.o)
                0x0000000000007c12                process_start
 .text.process_poll
                0x0000000000007c44       0x18 contiki-z1.a(process.o)
                0x0000000000007c44                process_poll
 .text.process_is_running
                0x0000000000007c5c        0xe contiki-z1.a(process.o)
                0x0000000000007c5c                process_is_running
 .text.rtimer_init
                0x0000000000007c6a        0x6 contiki-z1.a(rtimer.o)
                0x0000000000007c6a                rtimer_init
 .text.rtimer_run_next
                0x0000000000007c70       0x26 contiki-z1.a(rtimer.o)
                0x0000000000007c70                rtimer_run_next
 .text.timer_set
                0x0000000000007c96       0x1c contiki-z1.a(timer.o)
                0x0000000000007c96                timer_set
 .text.timer_reset
                0x0000000000007cb2        0xe contiki-z1.a(timer.o)
                0x0000000000007cb2                timer_reset
 .text.timer_restart
                0x0000000000007cc0       0x14 contiki-z1.a(timer.o)
                0x0000000000007cc0                timer_restart
 .text.timer_expired
                0x0000000000007cd4       0x2a contiki-z1.a(timer.o)
                0x0000000000007cd4                timer_expired
 .text.list_init
                0x0000000000007cfe        0x6 contiki-z1.a(list.o)
                0x0000000000007cfe                list_init
 .text.list_head
                0x0000000000007d04        0x4 contiki-z1.a(list.o)
                0x0000000000007d04                list_head
 .text.list_tail
                0x0000000000007d08       0x12 contiki-z1.a(list.o)
                0x0000000000007d08                list_tail
 .text.list_remove
                0x0000000000007d1a       0x34 contiki-z1.a(list.o)
                0x0000000000007d1a                list_remove
 .text.list_push
                0x0000000000007d4e       0x16 contiki-z1.a(list.o)
                0x0000000000007d4e                list_push
 .text.list_add
                0x0000000000007d64       0x26 contiki-z1.a(list.o)
                0x0000000000007d64                list_add
 .text.list_length
                0x0000000000007d8a       0x10 contiki-z1.a(list.o)
                0x0000000000007d8a                list_length
 .text.list_item_next
                0x0000000000007d9a        0xc contiki-z1.a(list.o)
                0x0000000000007d9a                list_item_next
 .text.memb_init
                0x0000000000007da6       0x36 contiki-z1.a(memb.o)
                0x0000000000007da6                memb_init
 .text.memb_alloc
                0x0000000000007ddc       0x3e contiki-z1.a(memb.o)
                0x0000000000007ddc                memb_alloc
 .text.memb_free
                0x0000000000007e1a       0x3a contiki-z1.a(memb.o)
                0x0000000000007e1a                memb_free
 .text.memb_inmemb
                0x0000000000007e54       0x2e contiki-z1.a(memb.o)
                0x0000000000007e54                memb_inmemb
 .text.memb_numfree
                0x0000000000007e82       0x26 contiki-z1.a(memb.o)
                0x0000000000007e82                memb_numfree
 .text.random_init
                0x0000000000007ea8        0x6 contiki-z1.a(random.o)
                0x0000000000007ea8                random_init
 .text.random_rand
                0x0000000000007eae        0x6 contiki-z1.a(random.o)
                0x0000000000007eae                random_rand
 .text.uip_ds6_list_loop
                0x0000000000007eb4       0x66 contiki-z1.a(uip-ds6.o)
                0x0000000000007eb4                uip_ds6_list_loop
 .text.uip_ds6_prefix_add
                0x0000000000007f1a       0x70 contiki-z1.a(uip-ds6.o)
                0x0000000000007f1a                uip_ds6_prefix_add
 .text.uip_ds6_is_addr_onlink
                0x0000000000007f8a       0x42 contiki-z1.a(uip-ds6.o)
                0x0000000000007f8a                uip_ds6_is_addr_onlink
 .text.uip_ds6_addr_lookup
                0x0000000000007fcc       0x2a contiki-z1.a(uip-ds6.o)
                0x0000000000007fcc                uip_ds6_addr_lookup
 .text.uip_ds6_get_link_local
                0x0000000000007ff6       0x3e contiki-z1.a(uip-ds6.o)
                0x0000000000007ff6                uip_ds6_get_link_local
 .text.uip_ds6_maddr_add
                0x0000000000008034       0x48 contiki-z1.a(uip-ds6.o)
                0x0000000000008034                uip_ds6_maddr_add
 .text.uip_ds6_addr_add
                0x000000000000807c       0xb4 contiki-z1.a(uip-ds6.o)
                0x000000000000807c                uip_ds6_addr_add
 .text.uip_ds6_maddr_lookup
                0x0000000000008130       0x2a contiki-z1.a(uip-ds6.o)
                0x0000000000008130                uip_ds6_maddr_lookup
 .text.uip_ds6_addr_rm
                0x000000000000815a       0x54 contiki-z1.a(uip-ds6.o)
                0x000000000000815a                uip_ds6_addr_rm
 .text.uip_ds6_periodic
                0x00000000000081ae       0x46 contiki-z1.a(uip-ds6.o)
                0x00000000000081ae                uip_ds6_periodic
 .text.uip_ds6_set_addr_iid
                0x00000000000081f4       0x14 contiki-z1.a(uip-ds6.o)
                0x00000000000081f4                uip_ds6_set_addr_iid
 .text.get_match_length
                0x0000000000008208       0x3a contiki-z1.a(uip-ds6.o)
                0x0000000000008208                get_match_length
 .text.uip_ds6_select_src
                0x0000000000008242       0x9a contiki-z1.a(uip-ds6.o)
                0x0000000000008242                uip_ds6_select_src
 .text.uip_ds6_compute_reachable_time
                0x00000000000082dc       0x36 contiki-z1.a(uip-ds6.o)
                0x00000000000082dc                uip_ds6_compute_reachable_time
 .text.uip_ds6_init
                0x0000000000008312      0x138 contiki-z1.a(uip-ds6.o)
                0x0000000000008312                uip_ds6_init
 .text.call_route_callback
                0x000000000000844a       0x40 contiki-z1.a(uip-ds6-route.o)
 .text.uip_ds6_route_init
                0x000000000000848a       0x36 contiki-z1.a(uip-ds6-route.o)
                0x000000000000848a                uip_ds6_route_init
 .text.uip_ds6_route_nexthop
                0x00000000000084c0       0x1a contiki-z1.a(uip-ds6-route.o)
                0x00000000000084c0                uip_ds6_route_nexthop
 .text.uip_ds6_route_head
                0x00000000000084da        0xa contiki-z1.a(uip-ds6-route.o)
                0x00000000000084da                uip_ds6_route_head
 .text.uip_ds6_route_next
                0x00000000000084e4        0xe contiki-z1.a(uip-ds6-route.o)
                0x00000000000084e4                uip_ds6_route_next
 .text.uip_ds6_route_is_nexthop
                0x00000000000084f2       0x1e contiki-z1.a(uip-ds6-route.o)
                0x00000000000084f2                uip_ds6_route_is_nexthop
 .text.uip_ds6_route_lookup
                0x0000000000008510       0x6e contiki-z1.a(uip-ds6-route.o)
                0x0000000000008510                uip_ds6_route_lookup
 .text.uip_ds6_route_rm
                0x000000000000857e       0xa0 contiki-z1.a(uip-ds6-route.o)
                0x000000000000857e                uip_ds6_route_rm
 .text.rm_routelist
                0x000000000000861e       0x34 contiki-z1.a(uip-ds6-route.o)
 .text.rm_routelist_callback
                0x0000000000008652        0x6 contiki-z1.a(uip-ds6-route.o)
 .text.uip_ds6_route_add
                0x0000000000008658       0xfc contiki-z1.a(uip-ds6-route.o)
                0x0000000000008658                uip_ds6_route_add
 .text.uip_ds6_defrt_rm
                0x0000000000008754       0x44 contiki-z1.a(uip-ds6-route.o)
                0x0000000000008754                uip_ds6_defrt_rm
 .text.uip_ds6_defrt_lookup
                0x0000000000008798       0x32 contiki-z1.a(uip-ds6-route.o)
                0x0000000000008798                uip_ds6_defrt_lookup
 .text.uip_ds6_defrt_add
                0x00000000000087ca       0x68 contiki-z1.a(uip-ds6-route.o)
                0x00000000000087ca                uip_ds6_defrt_add
 .text.uip_ds6_defrt_choose
                0x0000000000008832       0x36 contiki-z1.a(uip-ds6-route.o)
                0x0000000000008832                uip_ds6_defrt_choose
 .text.uip_ds6_defrt_periodic
                0x0000000000008868       0x38 contiki-z1.a(uip-ds6-route.o)
                0x0000000000008868                uip_ds6_defrt_periodic
 .text.chksum   0x00000000000088a0       0x32 contiki-z1.a(uip6.o)
 .text.upper_layer_chksum
                0x00000000000088d2       0x56 contiki-z1.a(uip6.o)
 .text.ext_hdr_options_process
                0x0000000000008928       0xcc contiki-z1.a(uip6.o)
 .text.uip_icmp6chksum
                0x00000000000089f4        0xa contiki-z1.a(uip6.o)
                0x00000000000089f4                uip_icmp6chksum
 .text.uip_udpchksum
                0x00000000000089fe        0xa contiki-z1.a(uip6.o)
                0x00000000000089fe                uip_udpchksum
 .text.uip_init
                0x0000000000008a08       0x26 contiki-z1.a(uip6.o)
                0x0000000000008a08                uip_init
 .text.remove_ext_hdr
                0x0000000000008a2e       0x52 contiki-z1.a(uip6.o)
                0x0000000000008a2e                remove_ext_hdr
 .text.uip_udp_new
                0x0000000000008a80       0xa0 contiki-z1.a(uip6.o)
                0x0000000000008a80                uip_udp_new
 .text.uip_process
                0x0000000000008b20      0x498 contiki-z1.a(uip6.o)
                0x0000000000008b20                uip_process
 .text.uip_htonl
                0x0000000000008fb8       0x2a contiki-z1.a(uip6.o)
                0x0000000000008fb8                uip_htonl
 .text.uip_ds6_nbr_rm
                0x0000000000008fe2       0x1e contiki-z1.a(uip-ds6-nbr.o)
                0x0000000000008fe2                uip_ds6_nbr_rm
 .text.uip_ds6_neighbors_init
                0x0000000000009000       0x12 contiki-z1.a(uip-ds6-nbr.o)
                0x0000000000009000                uip_ds6_neighbors_init
 .text.uip_ds6_nbr_add
                0x0000000000009012       0x36 contiki-z1.a(uip-ds6-nbr.o)
                0x0000000000009012                uip_ds6_nbr_add
 .text.uip_ds6_nbr_get_ll
                0x0000000000009048        0xc contiki-z1.a(uip-ds6-nbr.o)
                0x0000000000009048                uip_ds6_nbr_get_ll
 .text.uip_ds6_nbr_lookup
                0x0000000000009054       0x3e contiki-z1.a(uip-ds6-nbr.o)
                0x0000000000009054                uip_ds6_nbr_lookup
 .text.uip_ds6_nbr_ll_lookup
                0x0000000000009092        0xc contiki-z1.a(uip-ds6-nbr.o)
                0x0000000000009092                uip_ds6_nbr_ll_lookup
 .text.uip_ds6_nbr_ipaddr_from_lladdr
                0x000000000000909e        0x6 contiki-z1.a(uip-ds6-nbr.o)
                0x000000000000909e                uip_ds6_nbr_ipaddr_from_lladdr
 .text.uip_ds6_nbr_lladdr_from_ipaddr
                0x00000000000090a4       0x12 contiki-z1.a(uip-ds6-nbr.o)
                0x00000000000090a4                uip_ds6_nbr_lladdr_from_ipaddr
 .text.uip_ds6_link_neighbor_callback
                0x00000000000090b6       0x32 contiki-z1.a(uip-ds6-nbr.o)
                0x00000000000090b6                uip_ds6_link_neighbor_callback
 .text.ns_input
                0x00000000000090e8      0x262 contiki-z1.a(uip-nd6.o)
 .text.uip_nd6_init
                0x000000000000934a        0xa contiki-z1.a(uip-nd6.o)
                0x000000000000934a                uip_nd6_init
 .text.clear_fragments
                0x0000000000009354       0x3a contiki-z1.a(sicslowpan.o)
 .text.set_packet_attrs
                0x000000000000938e       0x44 contiki-z1.a(sicslowpan.o)
 .text.addr_context_lookup_by_number
                0x00000000000093d2       0x34 contiki-z1.a(sicslowpan.o)
 .text.compress_addr_64
                0x0000000000009406       0xaa contiki-z1.a(sicslowpan.o)
 .text.store_fragment
                0x00000000000094b0       0x6e contiki-z1.a(sicslowpan.o)
 .text.add_fragment
                0x000000000000951e      0x162 contiki-z1.a(sicslowpan.o)
 .text.uncompress_addr
                0x0000000000009680       0x96 contiki-z1.a(sicslowpan.o)
 .text.input    0x0000000000009716      0x61a contiki-z1.a(sicslowpan.o)
 .text.sicslowpan_init
                0x0000000000009d30       0x24 contiki-z1.a(sicslowpan.o)
                0x0000000000009d30                sicslowpan_init
 .text.addr_context_lookup_by_prefix
                0x0000000000009d54       0x4a contiki-z1.a(sicslowpan.o)
 .text.send_packet
                0x0000000000009d9e       0x1a contiki-z1.a(sicslowpan.o)
 .text.output   0x0000000000009db8      0x68e contiki-z1.a(sicslowpan.o)
 .text.packet_sent
                0x000000000000a446       0x22 contiki-z1.a(sicslowpan.o)
 .text.uip_debug_ipaddr_print
                0x000000000000a468       0xba contiki-z1.a(uip-debug.o)
                0x000000000000a468                uip_debug_ipaddr_print
 .text.uip_udp_packet_send
                0x000000000000a522       0x2a contiki-z1.a(uip-udp-packet.)
                0x000000000000a522                uip_udp_packet_send
 .text.tcpip_output
                0x000000000000a54c       0x10 contiki-z1.a(tcpip.o)
                0x000000000000a54c                tcpip_output
 .text.tcpip_set_outputfunc
                0x000000000000a55c        0x6 contiki-z1.a(tcpip.o)
                0x000000000000a55c                tcpip_set_outputfunc
 .text.udp_new  0x000000000000a562       0x1a contiki-z1.a(tcpip.o)
                0x000000000000a562                udp_new
 .text.tcpip_input
                0x000000000000a57c       0x16 contiki-z1.a(tcpip.o)
                0x000000000000a57c                tcpip_input
 .text.tcpip_ipv6_output
                0x000000000000a592       0xc0 contiki-z1.a(tcpip.o)
                0x000000000000a592                tcpip_ipv6_output
 .text.process_thread_tcpip_process
                0x000000000000a652       0xcc contiki-z1.a(tcpip.o)
 .text.tcpip_uipcall
                0x000000000000a71e       0x2a contiki-z1.a(tcpip.o)
                0x000000000000a71e                tcpip_uipcall
 .text.update_hbh_header
                0x000000000000a748       0xcc contiki-z1.a(rpl-ext-header.)
 .text.insert_hbh_header
                0x000000000000a814       0x94 contiki-z1.a(rpl-ext-header.)
 .text.rpl_verify_hbh_header
                0x000000000000a8a8       0xf8 contiki-z1.a(rpl-ext-header.)
                0x000000000000a8a8                rpl_verify_hbh_header
 .text.rpl_remove_header
                0x000000000000a9a0       0x76 contiki-z1.a(rpl-ext-header.)
                0x000000000000a9a0                rpl_remove_header
 .text.rpl_update_header
                0x000000000000aa16       0x64 contiki-z1.a(rpl-ext-header.)
                0x000000000000aa16                rpl_update_header
 .text.rpl_get_mode
                0x000000000000aa7a        0x6 contiki-z1.a(rpl.o)
                0x000000000000aa7a                rpl_get_mode
 .text.rpl_purge_routes
                0x000000000000aa80       0x94 contiki-z1.a(rpl.o)
                0x000000000000aa80                rpl_purge_routes
 .text.rpl_remove_routes
                0x000000000000ab14       0x22 contiki-z1.a(rpl.o)
                0x000000000000ab14                rpl_remove_routes
 .text.rpl_remove_routes_by_nexthop
                0x000000000000ab36       0x3e contiki-z1.a(rpl.o)
                0x000000000000ab36                rpl_remove_routes_by_nexthop
 .text.rpl_add_route
                0x000000000000ab74       0x4e contiki-z1.a(rpl.o)
                0x000000000000ab74                rpl_add_route
 .text.rpl_link_neighbor_callback
                0x000000000000abc2       0x4c contiki-z1.a(rpl.o)
                0x000000000000abc2                rpl_link_neighbor_callback
 .text.rpl_ipv6_neighbor_callback
                0x000000000000ac0e       0x1e contiki-z1.a(rpl.o)
                0x000000000000ac0e                rpl_ipv6_neighbor_callback
 .text.rpl_purge_dags
                0x000000000000ac2c       0x3e contiki-z1.a(rpl.o)
                0x000000000000ac2c                rpl_purge_dags
 .text.rpl_init
                0x000000000000ac6a       0x44 contiki-z1.a(rpl.o)
                0x000000000000ac6a                rpl_init
 .text.prepare_for_dao_fwd
                0x000000000000acae       0x28 contiki-z1.a(rpl-icmp6.o)
 .text.get32    0x000000000000acd6       0x3e contiki-z1.a(rpl-icmp6.o)
 .text.set32    0x000000000000ad14       0x2a contiki-z1.a(rpl-icmp6.o)
 .text.get16    0x000000000000ad3e        0xe contiki-z1.a(rpl-icmp6.o)
 .text.set16    0x000000000000ad4c       0x10 contiki-z1.a(rpl-icmp6.o)
 .text.dao_ack_input
                0x000000000000ad5c        0xa contiki-z1.a(rpl-icmp6.o)
 .text.dio_input
                0x000000000000ad66      0x282 contiki-z1.a(rpl-icmp6.o)
 .text.rpl_icmp6_update_nbr_table
                0x000000000000afe8       0x28 contiki-z1.a(rpl-icmp6.o)
                0x000000000000afe8                rpl_icmp6_update_nbr_table
 .text.dao_input
                0x000000000000b010      0x276 contiki-z1.a(rpl-icmp6.o)
 .text.dis_output
                0x000000000000b286       0x50 contiki-z1.a(rpl-icmp6.o)
                0x000000000000b286                dis_output
 .text.dio_output
                0x000000000000b2d6      0x24c contiki-z1.a(rpl-icmp6.o)
                0x000000000000b2d6                dio_output
 .text.dis_input
                0x000000000000b522       0x3e contiki-z1.a(rpl-icmp6.o)
 .text.dao_output_target
                0x000000000000b560       0xe6 contiki-z1.a(rpl-icmp6.o)
                0x000000000000b560                dao_output_target
 .text.dao_output
                0x000000000000b646       0xa0 contiki-z1.a(rpl-icmp6.o)
                0x000000000000b646                dao_output
 .text.rpl_icmp6_register_handlers
                0x000000000000b6e6       0x22 contiki-z1.a(rpl-icmp6.o)
                0x000000000000b6e6                rpl_icmp6_register_handlers
 .text.lollipop_greater_than
                0x000000000000b708       0x44 contiki-z1.a(rpl-dag.o)
 .text.acceptable_rank
                0x000000000000b74c       0x44 contiki-z1.a(rpl-dag.o)
 .text.find_parent_any_dag_any_instance
                0x000000000000b790       0x14 contiki-z1.a(rpl-dag.o)
 .text.set_ip_from_prefix
                0x000000000000b7a4       0x30 contiki-z1.a(rpl-dag.o)
 .text.check_prefix
                0x000000000000b7d4       0x70 contiki-z1.a(rpl-dag.o)
 .text.rpl_set_preferred_parent
                0x000000000000b844       0x2c contiki-z1.a(rpl-dag.o)
 .text.rpl_dag_init
                0x000000000000b870        0xe contiki-z1.a(rpl-dag.o)
                0x000000000000b870                rpl_dag_init
 .text.rpl_get_parent
                0x000000000000b87e        0xc contiki-z1.a(rpl-dag.o)
                0x000000000000b87e                rpl_get_parent
 .text.rpl_rank_via_parent
                0x000000000000b88a       0x2e contiki-z1.a(rpl-dag.o)
                0x000000000000b88a                rpl_rank_via_parent
 .text.rpl_get_parent_lladdr
                0x000000000000b8b8        0xc contiki-z1.a(rpl-dag.o)
                0x000000000000b8b8                rpl_get_parent_lladdr
 .text.rpl_get_parent_ipaddr
                0x000000000000b8c4        0xa contiki-z1.a(rpl-dag.o)
                0x000000000000b8c4                rpl_get_parent_ipaddr
 .text.rpl_get_parent_link_stats
                0x000000000000b8ce        0xa contiki-z1.a(rpl-dag.o)
                0x000000000000b8ce                rpl_get_parent_link_stats
 .text.rpl_parent_is_fresh
                0x000000000000b8d8        0xa contiki-z1.a(rpl-dag.o)
                0x000000000000b8d8                rpl_parent_is_fresh
 .text.best_parent
                0x000000000000b8e2       0x70 contiki-z1.a(rpl-dag.o)
 .text.rpl_parent_is_reachable
                0x000000000000b952       0x46 contiki-z1.a(rpl-dag.o)
                0x000000000000b952                rpl_parent_is_reachable
 .text.rpl_set_prefix
                0x000000000000b998       0x74 contiki-z1.a(rpl-dag.o)
                0x000000000000b998                rpl_set_prefix
 .text.rpl_set_default_route
                0x000000000000ba0c       0x3a contiki-z1.a(rpl-dag.o)
                0x000000000000ba0c                rpl_set_default_route
 .text.rpl_alloc_instance
                0x000000000000ba46       0x34 contiki-z1.a(rpl-dag.o)
                0x000000000000ba46                rpl_alloc_instance
 .text.rpl_add_parent
                0x000000000000ba7a       0x3a contiki-z1.a(rpl-dag.o)
                0x000000000000ba7a                rpl_add_parent
 .text.rpl_find_parent
                0x000000000000bab4       0x18 contiki-z1.a(rpl-dag.o)
                0x000000000000bab4                rpl_find_parent
 .text.rpl_find_parent_any_dag
                0x000000000000bacc       0x20 contiki-z1.a(rpl-dag.o)
                0x000000000000bacc                rpl_find_parent_any_dag
 .text.rpl_select_parent
                0x000000000000baec       0x62 contiki-z1.a(rpl-dag.o)
                0x000000000000baec                rpl_select_parent
 .text.rpl_select_dag
                0x000000000000bb4e      0x16e contiki-z1.a(rpl-dag.o)
                0x000000000000bb4e                rpl_select_dag
 .text.rpl_nullify_parent
                0x000000000000bcbc       0x5c contiki-z1.a(rpl-dag.o)
                0x000000000000bcbc                rpl_nullify_parent
 .text.rpl_remove_parent
                0x000000000000bd18       0x16 contiki-z1.a(rpl-dag.o)
                0x000000000000bd18                rpl_remove_parent
 .text.nbr_callback
                0x000000000000bd2e        0x6 contiki-z1.a(rpl-dag.o)
 .text.remove_parents.constprop.3
                0x000000000000bd34       0x2c contiki-z1.a(rpl-dag.o)
 .text.rpl_free_dag
                0x000000000000bd60       0x44 contiki-z1.a(rpl-dag.o)
                0x000000000000bd60                rpl_free_dag
 .text.rpl_move_parent
                0x000000000000bda4       0x60 contiki-z1.a(rpl-dag.o)
                0x000000000000bda4                rpl_move_parent
 .text.rpl_get_dag
                0x000000000000be04       0x2e contiki-z1.a(rpl-dag.o)
                0x000000000000be04                rpl_get_dag
 .text.rpl_get_any_dag
                0x000000000000be32       0x18 contiki-z1.a(rpl-dag.o)
                0x000000000000be32                rpl_get_any_dag
 .text.rpl_get_instance
                0x000000000000be4a       0x1a contiki-z1.a(rpl-dag.o)
                0x000000000000be4a                rpl_get_instance
 .text.rpl_alloc_dag
                0x000000000000be64       0x5c contiki-z1.a(rpl-dag.o)
                0x000000000000be64                rpl_alloc_dag
 .text.rpl_repair_root
                0x000000000000bec0       0x50 contiki-z1.a(rpl-dag.o)
                0x000000000000bec0                rpl_repair_root
 .text.rpl_find_of
                0x000000000000bf10       0x10 contiki-z1.a(rpl-dag.o)
                0x000000000000bf10                rpl_find_of
 .text.rpl_join_instance
                0x000000000000bf20      0x144 contiki-z1.a(rpl-dag.o)
                0x000000000000bf20                rpl_join_instance
 .text.rpl_local_repair
                0x000000000000c064       0x66 contiki-z1.a(rpl-dag.o)
                0x000000000000c064                rpl_local_repair
 .text.rpl_process_parent_event
                0x000000000000c0ca       0x82 contiki-z1.a(rpl-dag.o)
                0x000000000000c0ca                rpl_process_parent_event
 .text.rpl_recalculate_ranks
                0x000000000000c14c       0x46 contiki-z1.a(rpl-dag.o)
                0x000000000000c14c                rpl_recalculate_ranks
 .text.rpl_process_dio
                0x000000000000c192      0x2e0 contiki-z1.a(rpl-dag.o)
                0x000000000000c192                rpl_process_dio
 .text.queuebuf_init
                0x000000000000c472       0x12 contiki-z1.a(queuebuf.o)
                0x000000000000c472                queuebuf_init
 .text.queuebuf_numfree
                0x000000000000c484        0xa contiki-z1.a(queuebuf.o)
                0x000000000000c484                queuebuf_numfree
 .text.queuebuf_new_from_packetbuf
                0x000000000000c48e       0x4e contiki-z1.a(queuebuf.o)
                0x000000000000c48e                queuebuf_new_from_packetbuf
 .text.queuebuf_free
                0x000000000000c4dc       0x2a contiki-z1.a(queuebuf.o)
                0x000000000000c4dc                queuebuf_free
 .text.queuebuf_to_packetbuf
                0x000000000000c506       0x32 contiki-z1.a(queuebuf.o)
                0x000000000000c506                queuebuf_to_packetbuf
 .text.index_from_key
                0x000000000000c538       0x44 contiki-z1.a(nbr-table.o)
 .text.item_from_key
                0x000000000000c57c       0x34 contiki-z1.a(nbr-table.o)
 .text.nbr_set_bit
                0x000000000000c5b0       0x76 contiki-z1.a(nbr-table.o)
 .text.index_from_lladdr
                0x000000000000c626       0x3e contiki-z1.a(nbr-table.o)
 .text.nbr_get_bit.constprop.0
                0x000000000000c664       0x5a contiki-z1.a(nbr-table.o)
 .text.remove_key
                0x000000000000c6be       0x50 contiki-z1.a(nbr-table.o)
 .text.nbr_table_register
                0x000000000000c70e       0x26 contiki-z1.a(nbr-table.o)
                0x000000000000c70e                nbr_table_register
 .text.nbr_table_next
                0x000000000000c734       0x78 contiki-z1.a(nbr-table.o)
                0x000000000000c734                nbr_table_next
 .text.nbr_table_head
                0x000000000000c7ac       0x32 contiki-z1.a(nbr-table.o)
                0x000000000000c7ac                nbr_table_head
 .text.nbr_table_add_lladdr
                0x000000000000c7de      0x120 contiki-z1.a(nbr-table.o)
                0x000000000000c7de                nbr_table_add_lladdr
 .text.nbr_table_get_from_lladdr
                0x000000000000c8fe       0x44 contiki-z1.a(nbr-table.o)
                0x000000000000c8fe                nbr_table_get_from_lladdr
 .text.nbr_table_remove
                0x000000000000c942       0x2a contiki-z1.a(nbr-table.o)
                0x000000000000c942                nbr_table_remove
 .text.nbr_table_lock
                0x000000000000c96c       0x10 contiki-z1.a(nbr-table.o)
                0x000000000000c96c                nbr_table_lock
 .text.nbr_table_unlock
                0x000000000000c97c       0x10 contiki-z1.a(nbr-table.o)
                0x000000000000c97c                nbr_table_unlock
 .text.nbr_table_get_lladdr
                0x000000000000c98c       0x54 contiki-z1.a(nbr-table.o)
                0x000000000000c98c                nbr_table_get_lladdr
 .text.nbr_table_update_lladdr
                0x000000000000c9e0       0x54 contiki-z1.a(nbr-table.o)
                0x000000000000c9e0                nbr_table_update_lladdr
 .text.packetbuf_hdrreduce
                0x000000000000ca34       0x1a contiki-z1.a(packetbuf.o)
                0x000000000000ca34                packetbuf_hdrreduce
 .text.packetbuf_set_datalen
                0x000000000000ca4e        0x6 contiki-z1.a(packetbuf.o)
                0x000000000000ca4e                packetbuf_set_datalen
 .text.packetbuf_hdrptr
                0x000000000000ca54        0x6 contiki-z1.a(packetbuf.o)
                0x000000000000ca54                packetbuf_hdrptr
 .text.packetbuf_datalen
                0x000000000000ca5a        0x6 contiki-z1.a(packetbuf.o)
                0x000000000000ca5a                packetbuf_datalen
 .text.packetbuf_hdrlen
                0x000000000000ca60        0xa contiki-z1.a(packetbuf.o)
                0x000000000000ca60                packetbuf_hdrlen
 .text.packetbuf_dataptr
                0x000000000000ca6a        0xc contiki-z1.a(packetbuf.o)
                0x000000000000ca6a                packetbuf_dataptr
 .text.packetbuf_copyto
                0x000000000000ca76       0x3a contiki-z1.a(packetbuf.o)
                0x000000000000ca76                packetbuf_copyto
 .text.packetbuf_totlen
                0x000000000000cab0        0xc contiki-z1.a(packetbuf.o)
                0x000000000000cab0                packetbuf_totlen
 .text.packetbuf_hdralloc
                0x000000000000cabc       0x3a contiki-z1.a(packetbuf.o)
                0x000000000000cabc                packetbuf_hdralloc
 .text.packetbuf_attr_clear
                0x000000000000caf6       0x28 contiki-z1.a(packetbuf.o)
                0x000000000000caf6                packetbuf_attr_clear
 .text.packetbuf_clear
                0x000000000000cb1e       0x12 contiki-z1.a(packetbuf.o)
                0x000000000000cb1e                packetbuf_clear
 .text.packetbuf_copyfrom
                0x000000000000cb30       0x2a contiki-z1.a(packetbuf.o)
                0x000000000000cb30                packetbuf_copyfrom
 .text.packetbuf_attr_copyto
                0x000000000000cb5a       0x22 contiki-z1.a(packetbuf.o)
                0x000000000000cb5a                packetbuf_attr_copyto
 .text.packetbuf_attr_copyfrom
                0x000000000000cb7c       0x24 contiki-z1.a(packetbuf.o)
                0x000000000000cb7c                packetbuf_attr_copyfrom
 .text.packetbuf_holds_broadcast
                0x000000000000cba0        0xe contiki-z1.a(packetbuf.o)
                0x000000000000cba0                packetbuf_holds_broadcast
 .text.linkaddr_copy
                0x000000000000cbae        0x8 contiki-z1.a(linkaddr.o)
                0x000000000000cbae                linkaddr_copy
 .text.linkaddr_cmp
                0x000000000000cbb6       0x12 contiki-z1.a(linkaddr.o)
                0x000000000000cbb6                linkaddr_cmp
 .text.linkaddr_set_node_addr
                0x000000000000cbc8        0xc contiki-z1.a(linkaddr.o)
                0x000000000000cbc8                linkaddr_set_node_addr
 .text.periodic
                0x000000000000cbd4       0x2c contiki-z1.a(link-stats.o)
 .text.link_stats_from_lladdr
                0x000000000000cc00        0xc contiki-z1.a(link-stats.o)
                0x000000000000cc00                link_stats_from_lladdr
 .text.link_stats_is_fresh
                0x000000000000cc0c       0x30 contiki-z1.a(link-stats.o)
                0x000000000000cc0c                link_stats_is_fresh
 .text.link_stats_packet_sent
                0x000000000000cc3c       0xc0 contiki-z1.a(link-stats.o)
                0x000000000000cc3c                link_stats_packet_sent
 .text.link_stats_input_callback
                0x000000000000ccfc       0xac contiki-z1.a(link-stats.o)
                0x000000000000ccfc                link_stats_input_callback
 .text.link_stats_init
                0x000000000000cda8       0x22 contiki-z1.a(link-stats.o)
                0x000000000000cda8                link_stats_init
 .text.send_packet
                0x000000000000cdca        0x6 contiki-z1.a(nullmac.o)
 .text.packet_input
                0x000000000000cdd0        0x6 contiki-z1.a(nullmac.o)
 .text.on       0x000000000000cdd6        0x6 contiki-z1.a(nullmac.o)
 .text.off      0x000000000000cddc        0x6 contiki-z1.a(nullmac.o)
 .text.channel_check_interval
                0x000000000000cde2        0x4 contiki-z1.a(nullmac.o)
 .text.init     0x000000000000cde6        0x2 contiki-z1.a(nullmac.o)
 .text.parse    0x000000000000cde8       0xa2 contiki-z1.a(framer-802154.o)
 .text.create_frame.isra.0
                0x000000000000ce8a      0x114 contiki-z1.a(framer-802154.o)
 .text.create   0x000000000000cf9e        0x8 contiki-z1.a(framer-802154.o)
 .text.hdr_length
                0x000000000000cfa6        0x8 contiki-z1.a(framer-802154.o)
 .text.frame802154_get_pan_id
                0x000000000000cfae        0x6 contiki-z1.a(frame802154.o)
                0x000000000000cfae                frame802154_get_pan_id
 .text.frame802154_has_panid
                0x000000000000cfb4       0xdc contiki-z1.a(frame802154.o)
                0x000000000000cfb4                frame802154_has_panid
 .text.field_len
                0x000000000000d090       0xae contiki-z1.a(frame802154.o)
 .text.frame802154_is_broadcast_addr
                0x000000000000d13e       0x24 contiki-z1.a(frame802154.o)
                0x000000000000d13e                frame802154_is_broadcast_addr
 .text.frame802154_hdrlen
                0x000000000000d162       0x32 contiki-z1.a(frame802154.o)
                0x000000000000d162                frame802154_hdrlen
 .text.frame802154_create_fcf
                0x000000000000d194       0x6e contiki-z1.a(frame802154.o)
                0x000000000000d194                frame802154_create_fcf
 .text.frame802154_create
                0x000000000000d202       0xd4 contiki-z1.a(frame802154.o)
                0x000000000000d202                frame802154_create
 .text.frame802154_parse_fcf
                0x000000000000d2d6       0x8a contiki-z1.a(frame802154.o)
                0x000000000000d2d6                frame802154_parse_fcf
 .text.frame802154_parse
                0x000000000000d360      0x178 contiki-z1.a(frame802154.o)
                0x000000000000d360                frame802154_parse
 .text.on       0x000000000000d4d8        0x6 contiki-z1.a(nullrdc.o)
 .text.channel_check_interval
                0x000000000000d4de        0x4 contiki-z1.a(nullrdc.o)
 .text.init     0x000000000000d4e2        0x6 contiki-z1.a(nullrdc.o)
 .text.send_one_packet
                0x000000000000d4e8       0x62 contiki-z1.a(nullrdc.o)
 .text.send_list
                0x000000000000d54a       0x28 contiki-z1.a(nullrdc.o)
 .text.send_packet
                0x000000000000d572        0x6 contiki-z1.a(nullrdc.o)
 .text.off      0x000000000000d578       0x10 contiki-z1.a(nullrdc.o)
 .text.packet_input
                0x000000000000d588       0x26 contiki-z1.a(nullrdc.o)
 .text.init     0x000000000000d5ae        0x2 contiki-z1.a(nullsec.o)
 .text.send     0x000000000000d5b0        0xa contiki-z1.a(nullsec.o)
 .text.input    0x000000000000d5ba        0x6 contiki-z1.a(nullsec.o)
 .text.calculateRTO
                0x000000000000d5c0      0x2c8 contiki-z1.a(er-coap-eifel.o)
                0x000000000000d5c0                calculateRTO
 .text.i2c_receiveinit
                0x000000000000d888       0x38 contiki-z1.a(i2cmaster.o)
                0x000000000000d888                i2c_receiveinit
 .text.i2c_transmitinit
                0x000000000000d8c0       0x32 contiki-z1.a(i2cmaster.o)
                0x000000000000d8c0                i2c_transmitinit
 .text.i2c_receive_n
                0x000000000000d8f2       0x44 contiki-z1.a(i2cmaster.o)
                0x000000000000d8f2                i2c_receive_n
 .text.i2c_busy
                0x000000000000d936        0xa contiki-z1.a(i2cmaster.o)
                0x000000000000d936                i2c_busy
 .text.i2c_enable
                0x000000000000d940       0x24 contiki-z1.a(i2cmaster.o)
                0x000000000000d940                i2c_enable
 .text.i2c_transmit_n
                0x000000000000d964       0x14 contiki-z1.a(i2cmaster.o)
                0x000000000000d964                i2c_transmit_n
 .text.i2c_tx_interrupt
                0x000000000000d978       0x8a contiki-z1.a(i2cmaster.o)
                0x000000000000d978                __isr_16
                0x000000000000d978                i2c_tx_interrupt
 .text.i2c_rx_interrupt
                0x000000000000da02       0x18 contiki-z1.a(i2cmaster.o)
                0x000000000000da02                i2c_rx_interrupt
                0x000000000000da02                __isr_17
 .text.stimer_set
                0x000000000000da1a       0x1c contiki-z1.a(stimer.o)
                0x000000000000da1a                stimer_set
 .text.stimer_expired
                0x000000000000da36       0x30 contiki-z1.a(stimer.o)
                0x000000000000da36                stimer_expired
 .text.echo_reply_input
                0x000000000000da66       0xaa contiki-z1.a(uip-icmp6.o)
 .text.echo_request_input
                0x000000000000db10       0xca contiki-z1.a(uip-icmp6.o)
 .text.uip_icmp6_input
                0x000000000000dbda       0x40 contiki-z1.a(uip-icmp6.o)
                0x000000000000dbda                uip_icmp6_input
 .text.uip_icmp6_register_input_handler
                0x000000000000dc1a        0xc contiki-z1.a(uip-icmp6.o)
                0x000000000000dc1a                uip_icmp6_register_input_handler
 .text.uip_icmp6_error_output
                0x000000000000dc26      0x168 contiki-z1.a(uip-icmp6.o)
                0x000000000000dc26                uip_icmp6_error_output
 .text.uip_icmp6_send
                0x000000000000dd8e       0x86 contiki-z1.a(uip-icmp6.o)
                0x000000000000dd8e                uip_icmp6_send
 .text.uip_icmp6_init
                0x000000000000de14       0x12 contiki-z1.a(uip-icmp6.o)
                0x000000000000de14                uip_icmp6_init
 .text.update_nbr
                0x000000000000de26       0xde contiki-z1.a(rpl-nbr-policy.)
 .text.handle_periodic_timer
                0x000000000000df04        0xe contiki-z1.a(rpl-nbr-policy.)
 .text.find_removable_dis
                0x000000000000df12       0x16 contiki-z1.a(rpl-nbr-policy.)
                0x000000000000df12                find_removable_dis
 .text.find_removable_dio
                0x000000000000df28       0x3c contiki-z1.a(rpl-nbr-policy.)
                0x000000000000df28                find_removable_dio
 .text.find_removable_dao
                0x000000000000df64       0x34 contiki-z1.a(rpl-nbr-policy.)
                0x000000000000df64                find_removable_dao
 .text.rpl_nbr_policy_find_removable
                0x000000000000df98       0x30 contiki-z1.a(rpl-nbr-policy.)
                0x000000000000df98                rpl_nbr_policy_find_removable
 .text.handle_unicast_dio_timer
                0x000000000000dfc8       0x1c contiki-z1.a(rpl-timers.o)
 .text.new_dio_interval
                0x000000000000dfe4       0x8a contiki-z1.a(rpl-timers.o)
 .text.handle_periodic_timer
                0x000000000000e06e       0x50 contiki-z1.a(rpl-timers.o)
 .text.set_dao_lifetime_timer.part.0
                0x000000000000e0be       0x5e contiki-z1.a(rpl-timers.o)
 .text.schedule_dao
                0x000000000000e11c       0x80 contiki-z1.a(rpl-timers.o)
 .text.handle_dio_timer
                0x000000000000e19c       0x88 contiki-z1.a(rpl-timers.o)
 .text.handle_dao_timer
                0x000000000000e224       0x72 contiki-z1.a(rpl-timers.o)
 .text.rpl_reset_periodic_timer
                0x000000000000e296       0x5c contiki-z1.a(rpl-timers.o)
                0x000000000000e296                rpl_reset_periodic_timer
 .text.rpl_reset_dio_timer
                0x000000000000e2f2       0x18 contiki-z1.a(rpl-timers.o)
                0x000000000000e2f2                rpl_reset_dio_timer
 .text.rpl_schedule_dao
                0x000000000000e30a        0xc contiki-z1.a(rpl-timers.o)
                0x000000000000e30a                rpl_schedule_dao
 .text.rpl_schedule_unicast_dio_immediately
                0x000000000000e316       0x16 contiki-z1.a(rpl-timers.o)
                0x000000000000e316                rpl_schedule_unicast_dio_immediately
 .text.get_probing_delay
                0x000000000000e32c       0x40 contiki-z1.a(rpl-timers.o)
                0x000000000000e32c                get_probing_delay
 .text.get_probing_target
                0x000000000000e36c       0xe2 contiki-z1.a(rpl-timers.o)
                0x000000000000e36c                get_probing_target
 .text.rpl_schedule_probing
                0x000000000000e44e       0x26 contiki-z1.a(rpl-timers.o)
                0x000000000000e44e                rpl_schedule_probing
 .text.handle_probing_timer
                0x000000000000e474       0x34 contiki-z1.a(rpl-timers.o)
 .text.reset    0x000000000000e4a8        0x2 contiki-z1.a(rpl-mrhof.o)
 .text.update_metric_container
                0x000000000000e4aa        0x6 contiki-z1.a(rpl-mrhof.o)
 .text.parent_link_metric
                0x000000000000e4b0       0x10 contiki-z1.a(rpl-mrhof.o)
 .text.parent_has_usable_link
                0x000000000000e4c0       0x14 contiki-z1.a(rpl-mrhof.o)
 .text.best_dag
                0x000000000000e4d4       0x34 contiki-z1.a(rpl-mrhof.o)
 .text.parent_path_cost
                0x000000000000e508       0x40 contiki-z1.a(rpl-mrhof.o)
 .text.parent_is_acceptable
                0x000000000000e548       0x26 contiki-z1.a(rpl-mrhof.o)
 .text.best_parent
                0x000000000000e56e       0x7c contiki-z1.a(rpl-mrhof.o)
 .text.rank_via_parent
                0x000000000000e5ea       0x4e contiki-z1.a(rpl-mrhof.o)
 .text.mac_call_sent_callback
                0x000000000000e638       0x14 contiki-z1.a(mac.o)
                0x000000000000e638                mac_call_sent_callback
 .text.libgcc   0x000000000000e64c       0x2a /usr/lib/gcc/msp430/4.6.3/mcpu-430x/mmpy-16/libgcc.a(_mulsi3.o)
                0x000000000000e64c                __mulsi3
 .text.libgcc   0x000000000000e676       0x22 /usr/lib/gcc/msp430/4.6.3/mcpu-430x/mmpy-16/libgcc.a(_udivmod16.o)
                0x000000000000e676                __udivhi3
                0x000000000000e676                __ext_udivmod16
                0x000000000000e690                __umodhi3
 .text.libgcc   0x000000000000e698       0x3a /usr/lib/gcc/msp430/4.6.3/mcpu-430x/mmpy-16/libgcc.a(_divmod16.o)